<?xml version="1.0"?>
<link_info>
   <banner>MSP430 Linker PC v4.3.1</banner>
   <copyright>Copyright (c) 2003-2014 Texas Instruments Incorporated</copyright>
   <link_time>0x5421c158</link_time>
   <link_errors>0x0</link_errors>
   <output_file>WatchCode-TA.out</output_file>
   <entry_point>
      <name>_c_int00</name>
      <address>0xd096</address>
   </entry_point>
   <input_file_list>
      <input_file id="fl-2">
         <path>.\</path>
         <kind>object</kind>
         <file>LCD.obj</file>
         <name>LCD.obj</name>
      </input_file>
      <input_file id="fl-3">
         <path>.\</path>
         <kind>object</kind>
         <file>auerbach_patterns.obj</file>
         <name>auerbach_patterns.obj</name>
      </input_file>
      <input_file id="fl-4">
         <path>.\</path>
         <kind>object</kind>
         <file>dexterSinister.obj</file>
         <name>dexterSinister.obj</name>
      </input_file>
      <input_file id="fl-5">
         <path>.\</path>
         <kind>object</kind>
         <file>main.obj</file>
         <name>main.obj</name>
      </input_file>
      <input_file id="fl-6">
         <path>.\</path>
         <kind>object</kind>
         <file>rtc.obj</file>
         <name>rtc.obj</name>
      </input_file>
      <input_file id="fl-7">
         <path>.\</path>
         <kind>object</kind>
         <file>ta_UI.obj</file>
         <name>ta_UI.obj</name>
      </input_file>
      <input_file id="fl-8">
         <path>.\</path>
         <kind>object</kind>
         <file>termperature.obj</file>
         <name>termperature.obj</name>
      </input_file>
      <input_file id="fl-36">
         <path>C:\Msp430-ccs\ccsv6\tools\compiler\msp430_4.3.1\lib\</path>
         <kind>archive</kind>
         <file>rts430_eabi.lib</file>
         <name>asr16.obj</name>
      </input_file>
      <input_file id="fl-37">
         <path>C:\Msp430-ccs\ccsv6\tools\compiler\msp430_4.3.1\lib\</path>
         <kind>archive</kind>
         <file>rts430_eabi.lib</file>
         <name>boot.obj</name>
      </input_file>
      <input_file id="fl-38">
         <path>C:\Msp430-ccs\ccsv6\tools\compiler\msp430_4.3.1\lib\</path>
         <kind>archive</kind>
         <file>rts430_eabi.lib</file>
         <name>copy_decompress_none.obj</name>
      </input_file>
      <input_file id="fl-39">
         <path>C:\Msp430-ccs\ccsv6\tools\compiler\msp430_4.3.1\lib\</path>
         <kind>archive</kind>
         <file>rts430_eabi.lib</file>
         <name>copy_decompress_rle.obj</name>
      </input_file>
      <input_file id="fl-3a">
         <path>C:\Msp430-ccs\ccsv6\tools\compiler\msp430_4.3.1\lib\</path>
         <kind>archive</kind>
         <file>rts430_eabi.lib</file>
         <name>copy_zero_init.obj</name>
      </input_file>
      <input_file id="fl-3b">
         <path>C:\Msp430-ccs\ccsv6\tools\compiler\msp430_4.3.1\lib\</path>
         <kind>archive</kind>
         <file>rts430_eabi.lib</file>
         <name>div16s.obj</name>
      </input_file>
      <input_file id="fl-3c">
         <path>C:\Msp430-ccs\ccsv6\tools\compiler\msp430_4.3.1\lib\</path>
         <kind>archive</kind>
         <file>rts430_eabi.lib</file>
         <name>div16u.obj</name>
      </input_file>
      <input_file id="fl-3d">
         <path>C:\Msp430-ccs\ccsv6\tools\compiler\msp430_4.3.1\lib\</path>
         <kind>archive</kind>
         <file>rts430_eabi.lib</file>
         <name>div32u.obj</name>
      </input_file>
      <input_file id="fl-3e">
         <path>C:\Msp430-ccs\ccsv6\tools\compiler\msp430_4.3.1\lib\</path>
         <kind>archive</kind>
         <file>rts430_eabi.lib</file>
         <name>epilog.obj</name>
      </input_file>
      <input_file id="fl-3f">
         <path>C:\Msp430-ccs\ccsv6\tools\compiler\msp430_4.3.1\lib\</path>
         <kind>archive</kind>
         <file>rts430_eabi.lib</file>
         <name>exit.obj</name>
      </input_file>
      <input_file id="fl-40">
         <path>C:\Msp430-ccs\ccsv6\tools\compiler\msp430_4.3.1\lib\</path>
         <kind>archive</kind>
         <file>rts430_eabi.lib</file>
         <name>int01.obj</name>
      </input_file>
      <input_file id="fl-41">
         <path>C:\Msp430-ccs\ccsv6\tools\compiler\msp430_4.3.1\lib\</path>
         <kind>archive</kind>
         <file>rts430_eabi.lib</file>
         <name>int04.obj</name>
      </input_file>
      <input_file id="fl-42">
         <path>C:\Msp430-ccs\ccsv6\tools\compiler\msp430_4.3.1\lib\</path>
         <kind>archive</kind>
         <file>rts430_eabi.lib</file>
         <name>int05.obj</name>
      </input_file>
      <input_file id="fl-43">
         <path>C:\Msp430-ccs\ccsv6\tools\compiler\msp430_4.3.1\lib\</path>
         <kind>archive</kind>
         <file>rts430_eabi.lib</file>
         <name>int07.obj</name>
      </input_file>
      <input_file id="fl-44">
         <path>C:\Msp430-ccs\ccsv6\tools\compiler\msp430_4.3.1\lib\</path>
         <kind>archive</kind>
         <file>rts430_eabi.lib</file>
         <name>int08.obj</name>
      </input_file>
      <input_file id="fl-45">
         <path>C:\Msp430-ccs\ccsv6\tools\compiler\msp430_4.3.1\lib\</path>
         <kind>archive</kind>
         <file>rts430_eabi.lib</file>
         <name>int09.obj</name>
      </input_file>
      <input_file id="fl-46">
         <path>C:\Msp430-ccs\ccsv6\tools\compiler\msp430_4.3.1\lib\</path>
         <kind>archive</kind>
         <file>rts430_eabi.lib</file>
         <name>int10.obj</name>
      </input_file>
      <input_file id="fl-47">
         <path>C:\Msp430-ccs\ccsv6\tools\compiler\msp430_4.3.1\lib\</path>
         <kind>archive</kind>
         <file>rts430_eabi.lib</file>
         <name>int11.obj</name>
      </input_file>
      <input_file id="fl-48">
         <path>C:\Msp430-ccs\ccsv6\tools\compiler\msp430_4.3.1\lib\</path>
         <kind>archive</kind>
         <file>rts430_eabi.lib</file>
         <name>int12.obj</name>
      </input_file>
      <input_file id="fl-49">
         <path>C:\Msp430-ccs\ccsv6\tools\compiler\msp430_4.3.1\lib\</path>
         <kind>archive</kind>
         <file>rts430_eabi.lib</file>
         <name>int14.obj</name>
      </input_file>
      <input_file id="fl-4a">
         <path>C:\Msp430-ccs\ccsv6\tools\compiler\msp430_4.3.1\lib\</path>
         <kind>archive</kind>
         <file>rts430_eabi.lib</file>
         <name>isr_trap.obj</name>
      </input_file>
      <input_file id="fl-4b">
         <path>C:\Msp430-ccs\ccsv6\tools\compiler\msp430_4.3.1\lib\</path>
         <kind>archive</kind>
         <file>rts430_eabi.lib</file>
         <name>llmath.obj</name>
      </input_file>
      <input_file id="fl-4c">
         <path>C:\Msp430-ccs\ccsv6\tools\compiler\msp430_4.3.1\lib\</path>
         <kind>archive</kind>
         <file>rts430_eabi.lib</file>
         <name>lsl16.obj</name>
      </input_file>
      <input_file id="fl-4d">
         <path>C:\Msp430-ccs\ccsv6\tools\compiler\msp430_4.3.1\lib\</path>
         <kind>archive</kind>
         <file>rts430_eabi.lib</file>
         <name>lsr16.obj</name>
      </input_file>
      <input_file id="fl-4e">
         <path>C:\Msp430-ccs\ccsv6\tools\compiler\msp430_4.3.1\lib\</path>
         <kind>archive</kind>
         <file>rts430_eabi.lib</file>
         <name>lsr32.obj</name>
      </input_file>
      <input_file id="fl-4f">
         <path>C:\Msp430-ccs\ccsv6\tools\compiler\msp430_4.3.1\lib\</path>
         <kind>archive</kind>
         <file>rts430_eabi.lib</file>
         <name>memcpy.obj</name>
      </input_file>
      <input_file id="fl-50">
         <path>C:\Msp430-ccs\ccsv6\tools\compiler\msp430_4.3.1\lib\</path>
         <kind>archive</kind>
         <file>rts430_eabi.lib</file>
         <name>mpu_init.obj</name>
      </input_file>
      <input_file id="fl-51">
         <path>C:\Msp430-ccs\ccsv6\tools\compiler\msp430_4.3.1\lib\</path>
         <kind>archive</kind>
         <file>rts430_eabi.lib</file>
         <name>mult16.obj</name>
      </input_file>
      <input_file id="fl-52">
         <path>C:\Msp430-ccs\ccsv6\tools\compiler\msp430_4.3.1\lib\</path>
         <kind>archive</kind>
         <file>rts430_eabi.lib</file>
         <name>mult32.obj</name>
      </input_file>
      <input_file id="fl-53">
         <path>C:\Msp430-ccs\ccsv6\tools\compiler\msp430_4.3.1\lib\</path>
         <kind>archive</kind>
         <file>rts430_eabi.lib</file>
         <name>mult64.obj</name>
      </input_file>
      <input_file id="fl-54">
         <path>C:\Msp430-ccs\ccsv6\tools\compiler\msp430_4.3.1\lib\</path>
         <kind>archive</kind>
         <file>rts430_eabi.lib</file>
         <name>pre_init.obj</name>
      </input_file>
      <input_file id="fl-55">
         <path>C:\Msp430-ccs\ccsv6\tools\compiler\msp430_4.3.1\lib\</path>
         <kind>archive</kind>
         <file>rts430_eabi.lib</file>
         <name>_lock.obj</name>
      </input_file>
      <input_file id="fl-56">
         <path>C:\Msp430-ccs\ccsv6\tools\compiler\msp430_4.3.1\lib\</path>
         <kind>archive</kind>
         <file>rts430_eabi.lib</file>
         <name>args_main.obj</name>
      </input_file>
      <input_file id="fl-57">
         <path>C:\Msp430-ccs\ccsv6\tools\compiler\msp430_4.3.1\lib\</path>
         <kind>archive</kind>
         <file>rts430_eabi.lib</file>
         <name>autoinit.obj</name>
      </input_file>
      <input_file id="fl-58">
         <path>C:\Msp430-ccs\ccsv6\tools\compiler\msp430_4.3.1\lib\</path>
         <kind>archive</kind>
         <file>rts430_eabi.lib</file>
         <name>llabs.obj</name>
      </input_file>
      <input_file id="fl-59">
         <path>C:\Msp430-ccs\ccsv6\tools\compiler\msp430_4.3.1\lib\</path>
         <kind>archive</kind>
         <file>rts430_eabi.lib</file>
         <name>mult1632.obj</name>
      </input_file>
   </input_file_list>
   <object_component_list>
      <object_component id="oc-50">
         <name>.stack</name>
         <uninitialized>true</uninitialized>
         <run_address>0x3b0</run_address>
         <size>0x2</size>
         <input_file_ref idref="fl-37"/>
      </object_component>
      <object_component id="oc-2a5">
         <name>.stack</name>
         <uninitialized>true</uninitialized>
         <run_address>0x3b0</run_address>
         <size>0x0</size>
      </object_component>
      <object_component id="oc-b0">
         <name>.text:UI_dispatchEvent</name>
         <load_address>0xc000</load_address>
         <run_address>0xc000</run_address>
         <size>0x274</size>
         <input_file_ref idref="fl-7"/>
      </object_component>
      <object_component id="oc-14f">
         <name>.text:ta_setSpeed</name>
         <load_address>0xc274</load_address>
         <run_address>0xc274</run_address>
         <size>0x1dc</size>
         <input_file_ref idref="fl-3"/>
      </object_component>
      <object_component id="oc-14a">
         <name>.text:ta_showPattern</name>
         <load_address>0xc450</load_address>
         <run_address>0xc450</run_address>
         <size>0x19c</size>
         <input_file_ref idref="fl-3"/>
      </object_component>
      <object_component id="oc-159">
         <name>.text:ta_showInfo</name>
         <load_address>0xc5ec</load_address>
         <run_address>0xc5ec</run_address>
         <size>0xd0</size>
         <input_file_ref idref="fl-3"/>
      </object_component>
      <object_component id="oc-ca">
         <name>.text:UI_dispatchMain</name>
         <load_address>0xc6bc</load_address>
         <run_address>0xc6bc</run_address>
         <size>0xc2</size>
         <input_file_ref idref="fl-7"/>
      </object_component>
      <object_component id="oc-1ec">
         <name>.text:showNumber</name>
         <load_address>0xc77e</load_address>
         <run_address>0xc77e</run_address>
         <size>0xac</size>
         <input_file_ref idref="fl-2"/>
      </object_component>
      <object_component id="oc-1e7">
         <name>.text:setDaySegs</name>
         <load_address>0xc82a</load_address>
         <run_address>0xc82a</run_address>
         <size>0xa6</size>
         <input_file_ref idref="fl-2"/>
      </object_component>
      <object_component id="oc-18c">
         <name>.text:setHourSegs</name>
         <load_address>0xc8d0</load_address>
         <run_address>0xc8d0</run_address>
         <size>0xa0</size>
         <input_file_ref idref="fl-2"/>
      </object_component>
      <object_component id="oc-191">
         <name>.text:setMinsSegs</name>
         <load_address>0xc970</load_address>
         <run_address>0xc970</run_address>
         <size>0xa0</size>
         <input_file_ref idref="fl-2"/>
      </object_component>
      <object_component id="oc-196">
         <name>.text:setSecsSegs</name>
         <load_address>0xca10</load_address>
         <run_address>0xca10</run_address>
         <size>0xa0</size>
         <input_file_ref idref="fl-2"/>
      </object_component>
      <object_component id="oc-70">
         <name>.text:main</name>
         <load_address>0xcab0</load_address>
         <run_address>0xcab0</run_address>
         <size>0x9c</size>
         <input_file_ref idref="fl-5"/>
      </object_component>
      <object_component id="oc-5c">
         <name>.text:Timer_A</name>
         <load_address>0xcb4c</load_address>
         <run_address>0xcb4c</run_address>
         <size>0x7a</size>
         <input_file_ref idref="fl-5"/>
      </object_component>
      <object_component id="oc-8e">
         <name>.text:__TI_decompress_rle_core</name>
         <load_address>0xcbc6</load_address>
         <run_address>0xcbc6</run_address>
         <size>0x5e</size>
         <input_file_ref idref="fl-39"/>
      </object_component>
      <object_component id="oc-6b">
         <name>.text:_auto_init</name>
         <load_address>0xcc24</load_address>
         <run_address>0xcc24</run_address>
         <size>0x5e</size>
         <input_file_ref idref="fl-57"/>
      </object_component>
      <object_component id="oc-244">
         <name>.text</name>
         <load_address>0xcc82</load_address>
         <run_address>0xcc82</run_address>
         <size>0x58</size>
         <input_file_ref idref="fl-3d"/>
      </object_component>
      <object_component id="oc-15e">
         <name>.text:UI_showSetTime</name>
         <load_address>0xccda</load_address>
         <run_address>0xccda</run_address>
         <size>0x52</size>
         <input_file_ref idref="fl-7"/>
      </object_component>
      <object_component id="oc-19c">
         <name>.text</name>
         <load_address>0xcd2c</load_address>
         <run_address>0xcd2c</run_address>
         <size>0x4c</size>
         <input_file_ref idref="fl-4d"/>
      </object_component>
      <object_component id="oc-1a9">
         <name>.text:setHours</name>
         <load_address>0xcd78</load_address>
         <run_address>0xcd78</run_address>
         <size>0x3e</size>
         <input_file_ref idref="fl-2"/>
      </object_component>
      <object_component id="oc-1ae">
         <name>.text:setMins</name>
         <load_address>0xcdb6</load_address>
         <run_address>0xcdb6</run_address>
         <size>0x3e</size>
         <input_file_ref idref="fl-2"/>
      </object_component>
      <object_component id="oc-1b3">
         <name>.text:setSecs</name>
         <load_address>0xcdf4</load_address>
         <run_address>0xcdf4</run_address>
         <size>0x34</size>
         <input_file_ref idref="fl-2"/>
      </object_component>
      <object_component id="oc-16d">
         <name>.text:clearDate</name>
         <load_address>0xce28</load_address>
         <run_address>0xce28</run_address>
         <size>0x32</size>
         <input_file_ref idref="fl-2"/>
      </object_component>
      <object_component id="oc-1b9">
         <name>.text:clearHours</name>
         <load_address>0xce5a</load_address>
         <run_address>0xce5a</run_address>
         <size>0x32</size>
         <input_file_ref idref="fl-2"/>
      </object_component>
      <object_component id="oc-1be">
         <name>.text:clearMins</name>
         <load_address>0xce8c</load_address>
         <run_address>0xce8c</run_address>
         <size>0x32</size>
         <input_file_ref idref="fl-2"/>
      </object_component>
      <object_component id="oc-1c3">
         <name>.text:clearSecs</name>
         <load_address>0xcebe</load_address>
         <run_address>0xcebe</run_address>
         <size>0x32</size>
         <input_file_ref idref="fl-2"/>
      </object_component>
      <object_component id="oc-c0">
         <name>.text:initRTC</name>
         <load_address>0xcef0</load_address>
         <run_address>0xcef0</run_address>
         <size>0x2c</size>
         <input_file_ref idref="fl-6"/>
      </object_component>
      <object_component id="oc-1a0">
         <name>.text</name>
         <load_address>0xcf1c</load_address>
         <run_address>0xcf1c</run_address>
         <size>0x2c</size>
         <input_file_ref idref="fl-36"/>
      </object_component>
      <object_component id="oc-20e">
         <name>.text</name>
         <load_address>0xcf48</load_address>
         <run_address>0xcf48</run_address>
         <size>0x2c</size>
         <input_file_ref idref="fl-3b"/>
      </object_component>
      <object_component id="oc-235">
         <name>.text</name>
         <load_address>0xcf74</load_address>
         <run_address>0xcf74</run_address>
         <size>0x2c</size>
         <input_file_ref idref="fl-4c"/>
      </object_component>
      <object_component id="oc-12e">
         <name>.text:UI_InitShowSleep</name>
         <load_address>0xcfa0</load_address>
         <run_address>0xcfa0</run_address>
         <size>0x2a</size>
         <input_file_ref idref="fl-7"/>
      </object_component>
      <object_component id="oc-13e">
         <name>.text:bcd2int</name>
         <load_address>0xcfca</load_address>
         <run_address>0xcfca</run_address>
         <size>0x28</size>
         <input_file_ref idref="fl-6"/>
      </object_component>
      <object_component id="oc-61">
         <name>.text:Timer_A1</name>
         <load_address>0xcff2</load_address>
         <run_address>0xcff2</run_address>
         <size>0x26</size>
         <input_file_ref idref="fl-5"/>
      </object_component>
      <object_component id="oc-145">
         <name>.text:ta_show24HourTime</name>
         <load_address>0xd018</load_address>
         <run_address>0xd018</run_address>
         <size>0x26</size>
         <input_file_ref idref="fl-3"/>
      </object_component>
      <object_component id="oc-177">
         <name>.text:setH24Icon</name>
         <load_address>0xd03e</load_address>
         <run_address>0xd03e</run_address>
         <size>0x1e</size>
         <input_file_ref idref="fl-2"/>
      </object_component>
      <object_component id="oc-168">
         <name>.text:setSecsColon</name>
         <load_address>0xd05c</load_address>
         <run_address>0xd05c</run_address>
         <size>0x1e</size>
         <input_file_ref idref="fl-2"/>
      </object_component>
      <object_component id="oc-154">
         <name>.text:ta_show24HourTimeWithDelay</name>
         <load_address>0xd07a</load_address>
         <run_address>0xd07a</run_address>
         <size>0x1c</size>
         <input_file_ref idref="fl-3"/>
      </object_component>
      <object_component id="oc-3c">
         <name>.text:_c_int00_noexit</name>
         <load_address>0xd096</load_address>
         <run_address>0xd096</run_address>
         <size>0x1a</size>
         <input_file_ref idref="fl-37"/>
      </object_component>
      <object_component id="oc-124">
         <name>.text:RTC_decHour</name>
         <load_address>0xd0b0</load_address>
         <run_address>0xd0b0</run_address>
         <size>0x16</size>
         <input_file_ref idref="fl-6"/>
      </object_component>
      <object_component id="oc-11f">
         <name>.text:RTC_decMin</name>
         <load_address>0xd0c6</load_address>
         <run_address>0xd0c6</run_address>
         <size>0x16</size>
         <input_file_ref idref="fl-6"/>
      </object_component>
      <object_component id="oc-110">
         <name>.text:RTC_decYear</name>
         <load_address>0xd0dc</load_address>
         <run_address>0xd0dc</run_address>
         <size>0x16</size>
         <input_file_ref idref="fl-6"/>
      </object_component>
      <object_component id="oc-c5">
         <name>.text:clearLCD</name>
         <load_address>0xd0f2</load_address>
         <run_address>0xd0f2</run_address>
         <size>0x16</size>
         <input_file_ref idref="fl-2"/>
      </object_component>
      <object_component id="oc-257">
         <name>.text</name>
         <load_address>0xd108</load_address>
         <run_address>0xd108</run_address>
         <size>0x16</size>
         <input_file_ref idref="fl-3c"/>
      </object_component>
      <object_component id="oc-e8">
         <name>.text:ta_initShowPattern</name>
         <load_address>0xd11e</load_address>
         <run_address>0xd11e</run_address>
         <size>0x16</size>
         <input_file_ref idref="fl-3"/>
      </object_component>
      <object_component id="oc-101">
         <name>.text:RTC_incHour</name>
         <load_address>0xd134</load_address>
         <run_address>0xd134</run_address>
         <size>0x14</size>
         <input_file_ref idref="fl-6"/>
      </object_component>
      <object_component id="oc-fc">
         <name>.text:RTC_incMin</name>
         <load_address>0xd148</load_address>
         <run_address>0xd148</run_address>
         <size>0x14</size>
         <input_file_ref idref="fl-6"/>
      </object_component>
      <object_component id="oc-46">
         <name>.text:decompress:ZI:__TI_zero_init</name>
         <load_address>0xd15c</load_address>
         <run_address>0xd15c</run_address>
         <size>0x14</size>
         <input_file_ref idref="fl-3a"/>
      </object_component>
      <object_component id="oc-1a4">
         <name>.text</name>
         <load_address>0xd170</load_address>
         <run_address>0xd170</run_address>
         <size>0x14</size>
         <input_file_ref idref="fl-51"/>
      </object_component>
      <object_component id="oc-115">
         <name>.text:RTC_decDate</name>
         <load_address>0xd184</load_address>
         <run_address>0xd184</run_address>
         <size>0x12</size>
         <input_file_ref idref="fl-6"/>
      </object_component>
      <object_component id="oc-11a">
         <name>.text:RTC_decMonth</name>
         <load_address>0xd196</load_address>
         <run_address>0xd196</run_address>
         <size>0x12</size>
         <input_file_ref idref="fl-6"/>
      </object_component>
      <object_component id="oc-41">
         <name>.text:decompress:none:__TI_decompress_none</name>
         <load_address>0xd1a8</load_address>
         <run_address>0xd1a8</run_address>
         <size>0x12</size>
         <input_file_ref idref="fl-38"/>
      </object_component>
      <object_component id="oc-7b">
         <name>.text:memcpy</name>
         <load_address>0xd1ba</load_address>
         <run_address>0xd1ba</run_address>
         <size>0x12</size>
         <input_file_ref idref="fl-4f"/>
      </object_component>
      <object_component id="oc-f2">
         <name>.text:ta_incSpeed</name>
         <load_address>0xd1cc</load_address>
         <run_address>0xd1cc</run_address>
         <size>0x12</size>
         <input_file_ref idref="fl-3"/>
      </object_component>
      <object_component id="oc-172">
         <name>.text:clearDay</name>
         <load_address>0xd1de</load_address>
         <run_address>0xd1de</run_address>
         <size>0x10</size>
         <input_file_ref idref="fl-2"/>
      </object_component>
      <object_component id="oc-ba">
         <name>.text</name>
         <load_address>0xd1ee</load_address>
         <run_address>0xd1ee</run_address>
         <size>0x10</size>
         <input_file_ref idref="fl-3e"/>
      </object_component>
      <object_component id="oc-10b">
         <name>.text:ta_decSpeed</name>
         <load_address>0xd1fe</load_address>
         <run_address>0xd1fe</run_address>
         <size>0x10</size>
         <input_file_ref idref="fl-3"/>
      </object_component>
      <object_component id="oc-ed">
         <name>.text:ta_initSetSpeed</name>
         <load_address>0xd20e</load_address>
         <run_address>0xd20e</run_address>
         <size>0xa</size>
         <input_file_ref idref="fl-3"/>
      </object_component>
      <object_component id="oc-129">
         <name>.text:ta_initShowInfo</name>
         <load_address>0xd218</load_address>
         <run_address>0xd218</run_address>
         <size>0xa</size>
         <input_file_ref idref="fl-3"/>
      </object_component>
      <object_component id="oc-106">
         <name>.text:RTC_resetSec</name>
         <load_address>0xd222</load_address>
         <run_address>0xd222</run_address>
         <size>0x6</size>
         <input_file_ref idref="fl-6"/>
      </object_component>
      <object_component id="oc-58">
         <name>.text:__TI_ISR_TRAP</name>
         <load_address>0xd228</load_address>
         <run_address>0xd228</run_address>
         <size>0x6</size>
         <input_file_ref idref="fl-4a"/>
      </object_component>
      <object_component id="oc-4b">
         <name>.text:decompress:rle24:__TI_decompress_rle24</name>
         <load_address>0xd22e</load_address>
         <run_address>0xd22e</run_address>
         <size>0x6</size>
         <input_file_ref idref="fl-39"/>
      </object_component>
      <object_component id="oc-f7">
         <name>.text:ta_initShow24HourTimeWithDelay</name>
         <load_address>0xd234</load_address>
         <run_address>0xd234</run_address>
         <size>0x6</size>
         <input_file_ref idref="fl-3"/>
      </object_component>
      <object_component id="oc-66">
         <name>.text:_system_pre_init</name>
         <load_address>0xd23a</load_address>
         <run_address>0xd23a</run_address>
         <size>0x4</size>
         <input_file_ref idref="fl-54"/>
      </object_component>
      <object_component id="oc-75">
         <name>.text:abort</name>
         <load_address>0xd23e</load_address>
         <run_address>0xd23e</run_address>
         <size>0x4</size>
         <input_file_ref idref="fl-3f"/>
      </object_component>
      <object_component id="oc-53">
         <name>.text:basic_timer</name>
         <load_address>0xd242</load_address>
         <run_address>0xd242</run_address>
         <size>0x2</size>
         <input_file_ref idref="fl-5"/>
      </object_component>
      <object_component id="oc-2a4">
         <name>.cinit..data.load</name>
         <load_address>0xd30a</load_address>
         <run_address>0xd30a</run_address>
         <size>0xa2</size>
      </object_component>
      <object_component id="oc-2a1">
         <name>__TI_handler_table</name>
         <load_address>0xd3ac</load_address>
         <run_address>0xd3ac</run_address>
         <size>0x6</size>
      </object_component>
      <object_component id="oc-2a3">
         <name>.cinit..bss.load</name>
         <load_address>0xd3b2</load_address>
         <run_address>0xd3b2</run_address>
         <size>0x4</size>
      </object_component>
      <object_component id="oc-2a2">
         <name>__TI_cinit_table</name>
         <load_address>0xd3b6</load_address>
         <run_address>0xd3b6</run_address>
         <size>0x8</size>
      </object_component>
      <object_component id="oc-206">
         <name>.const:.string:digit</name>
         <load_address>0xd244</load_address>
         <run_address>0xd244</run_address>
         <size>0x2c</size>
         <input_file_ref idref="fl-2"/>
      </object_component>
      <object_component id="oc-1e6">
         <name>.const:.string:text$4</name>
         <load_address>0xd270</load_address>
         <run_address>0xd270</run_address>
         <size>0x21</size>
         <input_file_ref idref="fl-3"/>
      </object_component>
      <object_component id="oc-1f7">
         <name>.const:.string:dateASegs</name>
         <load_address>0xd292</load_address>
         <run_address>0xd292</run_address>
         <size>0x8</size>
         <input_file_ref idref="fl-2"/>
      </object_component>
      <object_component id="oc-1fb">
         <name>.const:.string:dateBSegs</name>
         <load_address>0xd29a</load_address>
         <run_address>0xd29a</run_address>
         <size>0x8</size>
         <input_file_ref idref="fl-2"/>
      </object_component>
      <object_component id="oc-23b">
         <name>.const:.string:dayASegs</name>
         <load_address>0xd2a2</load_address>
         <run_address>0xd2a2</run_address>
         <size>0x8</size>
         <input_file_ref idref="fl-2"/>
      </object_component>
      <object_component id="oc-23f">
         <name>.const:.string:dayBSegs</name>
         <load_address>0xd2aa</load_address>
         <run_address>0xd2aa</run_address>
         <size>0x8</size>
         <input_file_ref idref="fl-2"/>
      </object_component>
      <object_component id="oc-204">
         <name>.const:.string:segArr</name>
         <load_address>0xd2b2</load_address>
         <run_address>0xd2b2</run_address>
         <size>0x8</size>
         <input_file_ref idref="fl-2"/>
      </object_component>
      <object_component id="oc-233">
         <name>.const:.string:segOrderB</name>
         <load_address>0xd2ba</load_address>
         <run_address>0xd2ba</run_address>
         <size>0x8</size>
         <input_file_ref idref="fl-2"/>
      </object_component>
      <object_component id="oc-1ca">
         <name>.const:.string:hoursASegs</name>
         <load_address>0xd2c2</load_address>
         <run_address>0xd2c2</run_address>
         <size>0x7</size>
         <input_file_ref idref="fl-2"/>
      </object_component>
      <object_component id="oc-1ce">
         <name>.const:.string:hoursBSegs</name>
         <load_address>0xd2ca</load_address>
         <run_address>0xd2ca</run_address>
         <size>0x7</size>
         <input_file_ref idref="fl-2"/>
      </object_component>
      <object_component id="oc-1d2">
         <name>.const:.string:minsASegs</name>
         <load_address>0xd2d2</load_address>
         <run_address>0xd2d2</run_address>
         <size>0x7</size>
         <input_file_ref idref="fl-2"/>
      </object_component>
      <object_component id="oc-1d6">
         <name>.const:.string:minsBSegs</name>
         <load_address>0xd2da</load_address>
         <run_address>0xd2da</run_address>
         <size>0x7</size>
         <input_file_ref idref="fl-2"/>
      </object_component>
      <object_component id="oc-1da">
         <name>.const:.string:secsASegs</name>
         <load_address>0xd2e2</load_address>
         <run_address>0xd2e2</run_address>
         <size>0x7</size>
         <input_file_ref idref="fl-2"/>
      </object_component>
      <object_component id="oc-1de">
         <name>.const:.string:secsBSegs</name>
         <load_address>0xd2ea</load_address>
         <run_address>0xd2ea</run_address>
         <size>0x7</size>
         <input_file_ref idref="fl-2"/>
      </object_component>
      <object_component id="oc-242">
         <name>.const:.string:$P$T0$1</name>
         <load_address>0xd2f2</load_address>
         <run_address>0xd2f2</run_address>
         <size>0x6</size>
         <input_file_ref idref="fl-2"/>
      </object_component>
      <object_component id="oc-1e1">
         <name>.const:.string:timeOutDuration$1</name>
         <load_address>0xd2f8</load_address>
         <run_address>0xd2f8</run_address>
         <size>0x6</size>
         <input_file_ref idref="fl-3"/>
      </object_component>
      <object_component id="oc-1e4">
         <name>.const:.string:timeOutDuration$2</name>
         <load_address>0xd2fe</load_address>
         <run_address>0xd2fe</run_address>
         <size>0x6</size>
         <input_file_ref idref="fl-3"/>
      </object_component>
      <object_component id="oc-1f1">
         <name>.const:.string:timeOutDuration$3</name>
         <load_address>0xd304</load_address>
         <run_address>0xd304</run_address>
         <size>0x6</size>
         <input_file_ref idref="fl-3"/>
      </object_component>
      <object_component id="oc-2f">
         <name>.int00</name>
         <load_address>0xffe0</load_address>
         <run_address>0xffe0</run_address>
         <size>0x2</size>
         <input_file_ref idref="fl-5"/>
      </object_component>
      <object_component id="oc-30">
         <name>.int01</name>
         <load_address>0xffe2</load_address>
         <run_address>0xffe2</run_address>
         <size>0x2</size>
         <input_file_ref idref="fl-40"/>
      </object_component>
      <object_component id="oc-31">
         <name>.int04</name>
         <load_address>0xffe8</load_address>
         <run_address>0xffe8</run_address>
         <size>0x2</size>
         <input_file_ref idref="fl-41"/>
      </object_component>
      <object_component id="oc-32">
         <name>.int05</name>
         <load_address>0xffea</load_address>
         <run_address>0xffea</run_address>
         <size>0x2</size>
         <input_file_ref idref="fl-42"/>
      </object_component>
      <object_component id="oc-33">
         <name>.int06</name>
         <load_address>0xffec</load_address>
         <run_address>0xffec</run_address>
         <size>0x2</size>
         <input_file_ref idref="fl-5"/>
      </object_component>
      <object_component id="oc-34">
         <name>.int07</name>
         <load_address>0xffee</load_address>
         <run_address>0xffee</run_address>
         <size>0x2</size>
         <input_file_ref idref="fl-43"/>
      </object_component>
      <object_component id="oc-35">
         <name>.int08</name>
         <load_address>0xfff0</load_address>
         <run_address>0xfff0</run_address>
         <size>0x2</size>
         <input_file_ref idref="fl-44"/>
      </object_component>
      <object_component id="oc-36">
         <name>.int09</name>
         <load_address>0xfff2</load_address>
         <run_address>0xfff2</run_address>
         <size>0x2</size>
         <input_file_ref idref="fl-45"/>
      </object_component>
      <object_component id="oc-37">
         <name>.int10</name>
         <load_address>0xfff4</load_address>
         <run_address>0xfff4</run_address>
         <size>0x2</size>
         <input_file_ref idref="fl-46"/>
      </object_component>
      <object_component id="oc-38">
         <name>.int11</name>
         <load_address>0xfff6</load_address>
         <run_address>0xfff6</run_address>
         <size>0x2</size>
         <input_file_ref idref="fl-47"/>
      </object_component>
      <object_component id="oc-39">
         <name>.int12</name>
         <load_address>0xfff8</load_address>
         <run_address>0xfff8</run_address>
         <size>0x2</size>
         <input_file_ref idref="fl-48"/>
      </object_component>
      <object_component id="oc-3a">
         <name>.int13</name>
         <load_address>0xfffa</load_address>
         <run_address>0xfffa</run_address>
         <size>0x2</size>
         <input_file_ref idref="fl-5"/>
      </object_component>
      <object_component id="oc-3b">
         <name>.int14</name>
         <load_address>0xfffc</load_address>
         <run_address>0xfffc</run_address>
         <size>0x2</size>
         <input_file_ref idref="fl-49"/>
      </object_component>
      <object_component id="oc-52">
         <name>.reset</name>
         <load_address>0xfffe</load_address>
         <run_address>0xfffe</run_address>
         <size>0x2</size>
         <input_file_ref idref="fl-37"/>
      </object_component>
      <object_component id="oc-ad">
         <name>.common:btn_TLState</name>
         <uninitialized>true</uninitialized>
         <run_address>0x2a4</run_address>
         <size>0x1</size>
      </object_component>
      <object_component id="oc-ae">
         <name>.common:btn_BLState</name>
         <uninitialized>true</uninitialized>
         <run_address>0x2a2</run_address>
         <size>0x1</size>
      </object_component>
      <object_component id="oc-af">
         <name>.common:btn_BRState</name>
         <uninitialized>true</uninitialized>
         <run_address>0x2a3</run_address>
         <size>0x1</size>
      </object_component>
      <object_component id="oc-b6">
         <name>.data</name>
         <load_address>0x28e</load_address>
         <run_address>0x28e</run_address>
         <size>0x7</size>
         <input_file_ref idref="fl-5"/>
      </object_component>
      <object_component id="oc-e6">
         <name>.data</name>
         <load_address>0x29c</load_address>
         <run_address>0x29c</run_address>
         <size>0x3</size>
         <input_file_ref idref="fl-7"/>
      </object_component>
      <object_component id="oc-17d">
         <name>.data</name>
         <load_address>0x296</load_address>
         <run_address>0x296</run_address>
         <size>0x6</size>
         <input_file_ref idref="fl-3"/>
      </object_component>
      <object_component id="oc-1c8">
         <name>.data:hoursAMemPtr</name>
         <load_address>0x23a</load_address>
         <run_address>0x23a</run_address>
         <size>0xe</size>
         <input_file_ref idref="fl-2"/>
      </object_component>
      <object_component id="oc-1cc">
         <name>.data:hoursBMemPtr</name>
         <load_address>0x248</load_address>
         <run_address>0x248</run_address>
         <size>0xe</size>
         <input_file_ref idref="fl-2"/>
      </object_component>
      <object_component id="oc-1d0">
         <name>.data:minsAMemPtr</name>
         <load_address>0x256</load_address>
         <run_address>0x256</run_address>
         <size>0xe</size>
         <input_file_ref idref="fl-2"/>
      </object_component>
      <object_component id="oc-1d4">
         <name>.data:minsBMemPtr</name>
         <load_address>0x264</load_address>
         <run_address>0x264</run_address>
         <size>0xe</size>
         <input_file_ref idref="fl-2"/>
      </object_component>
      <object_component id="oc-1d8">
         <name>.data:secsAMemPtr</name>
         <load_address>0x272</load_address>
         <run_address>0x272</run_address>
         <size>0xe</size>
         <input_file_ref idref="fl-2"/>
      </object_component>
      <object_component id="oc-1dc">
         <name>.data:secsBMemPtr</name>
         <load_address>0x280</load_address>
         <run_address>0x280</run_address>
         <size>0xe</size>
         <input_file_ref idref="fl-2"/>
      </object_component>
      <object_component id="oc-1f5">
         <name>.data:dateAMemPtr</name>
         <load_address>0x210</load_address>
         <run_address>0x210</run_address>
         <size>0xe</size>
         <input_file_ref idref="fl-2"/>
      </object_component>
      <object_component id="oc-1f9">
         <name>.data:dateBMemPtr</name>
         <load_address>0x21e</load_address>
         <run_address>0x21e</run_address>
         <size>0xe</size>
         <input_file_ref idref="fl-2"/>
      </object_component>
      <object_component id="oc-202">
         <name>.data</name>
         <load_address>0x2a0</load_address>
         <run_address>0x2a0</run_address>
         <size>0x2</size>
         <input_file_ref idref="fl-2"/>
      </object_component>
      <object_component id="oc-239">
         <name>.data:dayAMemPtr</name>
         <load_address>0x200</load_address>
         <run_address>0x200</run_address>
         <size>0x10</size>
         <input_file_ref idref="fl-2"/>
      </object_component>
      <object_component id="oc-23d">
         <name>.data:dayBMemPtr</name>
         <load_address>0x22c</load_address>
         <run_address>0x22c</run_address>
         <size>0xe</size>
         <input_file_ref idref="fl-2"/>
      </object_component>
      <object_component id="oc-3d">
         <name>.debug_frame</name>
         <load_address>0x0</load_address>
         <run_address>0x0</run_address>
         <size>0x42</size>
         <input_file_ref idref="fl-37"/>
      </object_component>
      <object_component id="oc-44">
         <name>.debug_frame</name>
         <load_address>0x42</load_address>
         <run_address>0x42</run_address>
         <size>0x47</size>
         <input_file_ref idref="fl-38"/>
      </object_component>
      <object_component id="oc-49">
         <name>.debug_frame</name>
         <load_address>0x89</load_address>
         <run_address>0x89</run_address>
         <size>0x47</size>
         <input_file_ref idref="fl-3a"/>
      </object_component>
      <object_component id="oc-4d">
         <name>.debug_frame</name>
         <load_address>0xd0</load_address>
         <run_address>0xd0</run_address>
         <size>0x47</size>
         <input_file_ref idref="fl-39"/>
      </object_component>
      <object_component id="oc-57">
         <name>.debug_frame</name>
         <load_address>0x117</load_address>
         <run_address>0x117</run_address>
         <size>0x47</size>
         <input_file_ref idref="fl-5"/>
      </object_component>
      <object_component id="oc-5e">
         <name>.debug_frame</name>
         <load_address>0x15e</load_address>
         <run_address>0x15e</run_address>
         <size>0x74</size>
         <input_file_ref idref="fl-5"/>
      </object_component>
      <object_component id="oc-64">
         <name>.debug_frame</name>
         <load_address>0x1d2</load_address>
         <run_address>0x1d2</run_address>
         <size>0x50</size>
         <input_file_ref idref="fl-5"/>
      </object_component>
      <object_component id="oc-67">
         <name>.debug_frame</name>
         <load_address>0x222</load_address>
         <run_address>0x222</run_address>
         <size>0x47</size>
         <input_file_ref idref="fl-54"/>
      </object_component>
      <object_component id="oc-6c">
         <name>.debug_frame</name>
         <load_address>0x269</load_address>
         <run_address>0x269</run_address>
         <size>0x51</size>
         <input_file_ref idref="fl-57"/>
      </object_component>
      <object_component id="oc-73">
         <name>.debug_frame</name>
         <load_address>0x2ba</load_address>
         <run_address>0x2ba</run_address>
         <size>0x48</size>
         <input_file_ref idref="fl-5"/>
      </object_component>
      <object_component id="oc-76">
         <name>.debug_frame</name>
         <load_address>0x302</load_address>
         <run_address>0x302</run_address>
         <size>0x47</size>
         <input_file_ref idref="fl-3f"/>
      </object_component>
      <object_component id="oc-7f">
         <name>.debug_frame</name>
         <load_address>0x349</load_address>
         <run_address>0x349</run_address>
         <size>0x47</size>
         <input_file_ref idref="fl-4f"/>
      </object_component>
      <object_component id="oc-91">
         <name>.debug_frame</name>
         <load_address>0x390</load_address>
         <run_address>0x390</run_address>
         <size>0x51</size>
         <input_file_ref idref="fl-39"/>
      </object_component>
      <object_component id="oc-b3">
         <name>.debug_frame</name>
         <load_address>0x3e1</load_address>
         <run_address>0x3e1</run_address>
         <size>0x48</size>
         <input_file_ref idref="fl-7"/>
      </object_component>
      <object_component id="oc-c3">
         <name>.debug_frame</name>
         <load_address>0x429</load_address>
         <run_address>0x429</run_address>
         <size>0x47</size>
         <input_file_ref idref="fl-6"/>
      </object_component>
      <object_component id="oc-c8">
         <name>.debug_frame</name>
         <load_address>0x470</load_address>
         <run_address>0x470</run_address>
         <size>0x47</size>
         <input_file_ref idref="fl-2"/>
      </object_component>
      <object_component id="oc-ce">
         <name>.debug_frame</name>
         <load_address>0x4b7</load_address>
         <run_address>0x4b7</run_address>
         <size>0x48</size>
         <input_file_ref idref="fl-7"/>
      </object_component>
      <object_component id="oc-e9">
         <name>.debug_frame</name>
         <load_address>0x4ff</load_address>
         <run_address>0x4ff</run_address>
         <size>0x47</size>
         <input_file_ref idref="fl-3"/>
      </object_component>
      <object_component id="oc-ee">
         <name>.debug_frame</name>
         <load_address>0x546</load_address>
         <run_address>0x546</run_address>
         <size>0x47</size>
         <input_file_ref idref="fl-3"/>
      </object_component>
      <object_component id="oc-f5">
         <name>.debug_frame</name>
         <load_address>0x58d</load_address>
         <run_address>0x58d</run_address>
         <size>0x47</size>
         <input_file_ref idref="fl-3"/>
      </object_component>
      <object_component id="oc-f8">
         <name>.debug_frame</name>
         <load_address>0x5d4</load_address>
         <run_address>0x5d4</run_address>
         <size>0x47</size>
         <input_file_ref idref="fl-3"/>
      </object_component>
      <object_component id="oc-ff">
         <name>.debug_frame</name>
         <load_address>0x61b</load_address>
         <run_address>0x61b</run_address>
         <size>0x47</size>
         <input_file_ref idref="fl-6"/>
      </object_component>
      <object_component id="oc-103">
         <name>.debug_frame</name>
         <load_address>0x662</load_address>
         <run_address>0x662</run_address>
         <size>0x47</size>
         <input_file_ref idref="fl-6"/>
      </object_component>
      <object_component id="oc-109">
         <name>.debug_frame</name>
         <load_address>0x6a9</load_address>
         <run_address>0x6a9</run_address>
         <size>0x47</size>
         <input_file_ref idref="fl-6"/>
      </object_component>
      <object_component id="oc-10c">
         <name>.debug_frame</name>
         <load_address>0x6f0</load_address>
         <run_address>0x6f0</run_address>
         <size>0x47</size>
         <input_file_ref idref="fl-3"/>
      </object_component>
      <object_component id="oc-113">
         <name>.debug_frame</name>
         <load_address>0x737</load_address>
         <run_address>0x737</run_address>
         <size>0x47</size>
         <input_file_ref idref="fl-6"/>
      </object_component>
      <object_component id="oc-117">
         <name>.debug_frame</name>
         <load_address>0x77e</load_address>
         <run_address>0x77e</run_address>
         <size>0x47</size>
         <input_file_ref idref="fl-6"/>
      </object_component>
      <object_component id="oc-11c">
         <name>.debug_frame</name>
         <load_address>0x7c5</load_address>
         <run_address>0x7c5</run_address>
         <size>0x47</size>
         <input_file_ref idref="fl-6"/>
      </object_component>
      <object_component id="oc-122">
         <name>.debug_frame</name>
         <load_address>0x80c</load_address>
         <run_address>0x80c</run_address>
         <size>0x47</size>
         <input_file_ref idref="fl-6"/>
      </object_component>
      <object_component id="oc-126">
         <name>.debug_frame</name>
         <load_address>0x853</load_address>
         <run_address>0x853</run_address>
         <size>0x47</size>
         <input_file_ref idref="fl-6"/>
      </object_component>
      <object_component id="oc-12a">
         <name>.debug_frame</name>
         <load_address>0x89a</load_address>
         <run_address>0x89a</run_address>
         <size>0x47</size>
         <input_file_ref idref="fl-3"/>
      </object_component>
      <object_component id="oc-131">
         <name>.debug_frame</name>
         <load_address>0x8e1</load_address>
         <run_address>0x8e1</run_address>
         <size>0x47</size>
         <input_file_ref idref="fl-7"/>
      </object_component>
      <object_component id="oc-141">
         <name>.debug_frame</name>
         <load_address>0x928</load_address>
         <run_address>0x928</run_address>
         <size>0x47</size>
         <input_file_ref idref="fl-6"/>
      </object_component>
      <object_component id="oc-146">
         <name>.debug_frame</name>
         <load_address>0x96f</load_address>
         <run_address>0x96f</run_address>
         <size>0x47</size>
         <input_file_ref idref="fl-3"/>
      </object_component>
      <object_component id="oc-14b">
         <name>.debug_frame</name>
         <load_address>0x9b6</load_address>
         <run_address>0x9b6</run_address>
         <size>0x48</size>
         <input_file_ref idref="fl-3"/>
      </object_component>
      <object_component id="oc-150">
         <name>.debug_frame</name>
         <load_address>0x9fe</load_address>
         <run_address>0x9fe</run_address>
         <size>0x48</size>
         <input_file_ref idref="fl-3"/>
      </object_component>
      <object_component id="oc-155">
         <name>.debug_frame</name>
         <load_address>0xa46</load_address>
         <run_address>0xa46</run_address>
         <size>0x47</size>
         <input_file_ref idref="fl-3"/>
      </object_component>
      <object_component id="oc-15a">
         <name>.debug_frame</name>
         <load_address>0xa8d</load_address>
         <run_address>0xa8d</run_address>
         <size>0x48</size>
         <input_file_ref idref="fl-3"/>
      </object_component>
      <object_component id="oc-161">
         <name>.debug_frame</name>
         <load_address>0xad5</load_address>
         <run_address>0xad5</run_address>
         <size>0x56</size>
         <input_file_ref idref="fl-7"/>
      </object_component>
      <object_component id="oc-16b">
         <name>.debug_frame</name>
         <load_address>0xb2b</load_address>
         <run_address>0xb2b</run_address>
         <size>0x47</size>
         <input_file_ref idref="fl-2"/>
      </object_component>
      <object_component id="oc-170">
         <name>.debug_frame</name>
         <load_address>0xb72</load_address>
         <run_address>0xb72</run_address>
         <size>0x47</size>
         <input_file_ref idref="fl-2"/>
      </object_component>
      <object_component id="oc-175">
         <name>.debug_frame</name>
         <load_address>0xbb9</load_address>
         <run_address>0xbb9</run_address>
         <size>0x47</size>
         <input_file_ref idref="fl-2"/>
      </object_component>
      <object_component id="oc-17a">
         <name>.debug_frame</name>
         <load_address>0xc00</load_address>
         <run_address>0xc00</run_address>
         <size>0x47</size>
         <input_file_ref idref="fl-2"/>
      </object_component>
      <object_component id="oc-18f">
         <name>.debug_frame</name>
         <load_address>0xc47</load_address>
         <run_address>0xc47</run_address>
         <size>0x52</size>
         <input_file_ref idref="fl-2"/>
      </object_component>
      <object_component id="oc-194">
         <name>.debug_frame</name>
         <load_address>0xc99</load_address>
         <run_address>0xc99</run_address>
         <size>0x52</size>
         <input_file_ref idref="fl-2"/>
      </object_component>
      <object_component id="oc-199">
         <name>.debug_frame</name>
         <load_address>0xceb</load_address>
         <run_address>0xceb</run_address>
         <size>0x52</size>
         <input_file_ref idref="fl-2"/>
      </object_component>
      <object_component id="oc-1ac">
         <name>.debug_frame</name>
         <load_address>0xd3d</load_address>
         <run_address>0xd3d</run_address>
         <size>0x51</size>
         <input_file_ref idref="fl-2"/>
      </object_component>
      <object_component id="oc-1b1">
         <name>.debug_frame</name>
         <load_address>0xd8e</load_address>
         <run_address>0xd8e</run_address>
         <size>0x51</size>
         <input_file_ref idref="fl-2"/>
      </object_component>
      <object_component id="oc-1b6">
         <name>.debug_frame</name>
         <load_address>0xddf</load_address>
         <run_address>0xddf</run_address>
         <size>0x51</size>
         <input_file_ref idref="fl-2"/>
      </object_component>
      <object_component id="oc-1bc">
         <name>.debug_frame</name>
         <load_address>0xe30</load_address>
         <run_address>0xe30</run_address>
         <size>0x47</size>
         <input_file_ref idref="fl-2"/>
      </object_component>
      <object_component id="oc-1c1">
         <name>.debug_frame</name>
         <load_address>0xe77</load_address>
         <run_address>0xe77</run_address>
         <size>0x47</size>
         <input_file_ref idref="fl-2"/>
      </object_component>
      <object_component id="oc-1c6">
         <name>.debug_frame</name>
         <load_address>0xebe</load_address>
         <run_address>0xebe</run_address>
         <size>0x47</size>
         <input_file_ref idref="fl-2"/>
      </object_component>
      <object_component id="oc-1ea">
         <name>.debug_frame</name>
         <load_address>0xf05</load_address>
         <run_address>0xf05</run_address>
         <size>0x61</size>
         <input_file_ref idref="fl-2"/>
      </object_component>
      <object_component id="oc-1ef">
         <name>.debug_frame</name>
         <load_address>0xf66</load_address>
         <run_address>0xf66</run_address>
         <size>0x5d</size>
         <input_file_ref idref="fl-2"/>
      </object_component>
      <object_component id="oc-3e">
         <name>.debug_info</name>
         <load_address>0x0</load_address>
         <run_address>0x0</run_address>
         <size>0x125</size>
         <input_file_ref idref="fl-37"/>
      </object_component>
      <object_component id="oc-43">
         <name>.debug_info</name>
         <load_address>0x125</load_address>
         <run_address>0x125</run_address>
         <size>0x194</size>
         <input_file_ref idref="fl-38"/>
      </object_component>
      <object_component id="oc-47">
         <name>.debug_info</name>
         <load_address>0x2b9</load_address>
         <run_address>0x2b9</run_address>
         <size>0x16a</size>
         <input_file_ref idref="fl-3a"/>
      </object_component>
      <object_component id="oc-4e">
         <name>.debug_info</name>
         <load_address>0x423</load_address>
         <run_address>0x423</run_address>
         <size>0x18e</size>
         <input_file_ref idref="fl-39"/>
      </object_component>
      <object_component id="oc-51">
         <name>.debug_info</name>
         <load_address>0x5b1</load_address>
         <run_address>0x5b1</run_address>
         <size>0xaa</size>
         <input_file_ref idref="fl-37"/>
      </object_component>
      <object_component id="oc-54">
         <name>.debug_info</name>
         <load_address>0x65b</load_address>
         <run_address>0x65b</run_address>
         <size>0xfb</size>
         <input_file_ref idref="fl-5"/>
      </object_component>
      <object_component id="oc-5b">
         <name>.debug_info</name>
         <load_address>0x756</load_address>
         <run_address>0x756</run_address>
         <size>0xc2</size>
         <input_file_ref idref="fl-4a"/>
      </object_component>
      <object_component id="oc-5d">
         <name>.debug_info</name>
         <load_address>0x818</load_address>
         <run_address>0x818</run_address>
         <size>0x1f9</size>
         <input_file_ref idref="fl-5"/>
      </object_component>
      <object_component id="oc-62">
         <name>.debug_info</name>
         <load_address>0xa11</load_address>
         <run_address>0xa11</run_address>
         <size>0xf4</size>
         <input_file_ref idref="fl-5"/>
      </object_component>
      <object_component id="oc-68">
         <name>.debug_info</name>
         <load_address>0xb05</load_address>
         <run_address>0xb05</run_address>
         <size>0xfd</size>
         <input_file_ref idref="fl-54"/>
      </object_component>
      <object_component id="oc-6d">
         <name>.debug_info</name>
         <load_address>0xc02</load_address>
         <run_address>0xc02</run_address>
         <size>0x153</size>
         <input_file_ref idref="fl-57"/>
      </object_component>
      <object_component id="oc-71">
         <name>.debug_info</name>
         <load_address>0xd55</load_address>
         <run_address>0xd55</run_address>
         <size>0x11e</size>
         <input_file_ref idref="fl-5"/>
      </object_component>
      <object_component id="oc-77">
         <name>.debug_info</name>
         <load_address>0xe73</load_address>
         <run_address>0xe73</run_address>
         <size>0xcc</size>
         <input_file_ref idref="fl-3f"/>
      </object_component>
      <object_component id="oc-7c">
         <name>.debug_info</name>
         <load_address>0xf3f</load_address>
         <run_address>0xf3f</run_address>
         <size>0x157</size>
         <input_file_ref idref="fl-4f"/>
      </object_component>
      <object_component id="oc-81">
         <name>.debug_info</name>
         <load_address>0x1096</load_address>
         <run_address>0x1096</run_address>
         <size>0x46</size>
         <input_file_ref idref="fl-38"/>
      </object_component>
      <object_component id="oc-86">
         <name>.debug_info</name>
         <load_address>0x10dc</load_address>
         <run_address>0x10dc</run_address>
         <size>0x167</size>
         <input_file_ref idref="fl-38"/>
      </object_component>
      <object_component id="oc-88">
         <name>.debug_info</name>
         <load_address>0x1243</load_address>
         <run_address>0x1243</run_address>
         <size>0x46</size>
         <input_file_ref idref="fl-3a"/>
      </object_component>
      <object_component id="oc-8d">
         <name>.debug_info</name>
         <load_address>0x1289</load_address>
         <run_address>0x1289</run_address>
         <size>0x11f</size>
         <input_file_ref idref="fl-3a"/>
      </object_component>
      <object_component id="oc-8f">
         <name>.debug_info</name>
         <load_address>0x13a8</load_address>
         <run_address>0x13a8</run_address>
         <size>0x1ef</size>
         <input_file_ref idref="fl-39"/>
      </object_component>
      <object_component id="oc-94">
         <name>.debug_info</name>
         <load_address>0x1597</load_address>
         <run_address>0x1597</run_address>
         <size>0x129</size>
         <input_file_ref idref="fl-39"/>
      </object_component>
      <object_component id="oc-95">
         <name>.debug_info</name>
         <load_address>0x16c0</load_address>
         <run_address>0x16c0</run_address>
         <size>0x39</size>
         <input_file_ref idref="fl-39"/>
      </object_component>
      <object_component id="oc-9c">
         <name>.debug_info</name>
         <load_address>0x16f9</load_address>
         <run_address>0x16f9</run_address>
         <size>0x84</size>
         <input_file_ref idref="fl-2"/>
      </object_component>
      <object_component id="oc-a4">
         <name>.debug_info</name>
         <load_address>0x177d</load_address>
         <run_address>0x177d</run_address>
         <size>0x567</size>
         <input_file_ref idref="fl-5"/>
      </object_component>
      <object_component id="oc-b1">
         <name>.debug_info</name>
         <load_address>0x1ce4</load_address>
         <run_address>0x1ce4</run_address>
         <size>0x34c</size>
         <input_file_ref idref="fl-7"/>
      </object_component>
      <object_component id="oc-b7">
         <name>.debug_info</name>
         <load_address>0x2030</load_address>
         <run_address>0x2030</run_address>
         <size>0x19a</size>
         <input_file_ref idref="fl-5"/>
      </object_component>
      <object_component id="oc-bd">
         <name>.debug_info</name>
         <load_address>0x21ca</load_address>
         <run_address>0x21ca</run_address>
         <size>0xe1</size>
         <input_file_ref idref="fl-3e"/>
      </object_component>
      <object_component id="oc-bf">
         <name>.debug_info</name>
         <load_address>0x22ab</load_address>
         <run_address>0x22ab</run_address>
         <size>0x2ba</size>
         <input_file_ref idref="fl-57"/>
      </object_component>
      <object_component id="oc-c2">
         <name>.debug_info</name>
         <load_address>0x2565</load_address>
         <run_address>0x2565</run_address>
         <size>0x118</size>
         <input_file_ref idref="fl-6"/>
      </object_component>
      <object_component id="oc-c6">
         <name>.debug_info</name>
         <load_address>0x267d</load_address>
         <run_address>0x267d</run_address>
         <size>0xfe</size>
         <input_file_ref idref="fl-2"/>
      </object_component>
      <object_component id="oc-cc">
         <name>.debug_info</name>
         <load_address>0x277b</load_address>
         <run_address>0x277b</run_address>
         <size>0x1af</size>
         <input_file_ref idref="fl-7"/>
      </object_component>
      <object_component id="oc-d2">
         <name>.debug_info</name>
         <load_address>0x292a</load_address>
         <run_address>0x292a</run_address>
         <size>0x127</size>
         <input_file_ref idref="fl-4f"/>
      </object_component>
      <object_component id="oc-d3">
         <name>.debug_info</name>
         <load_address>0x2a51</load_address>
         <run_address>0x2a51</run_address>
         <size>0x2c</size>
         <input_file_ref idref="fl-3a"/>
      </object_component>
      <object_component id="oc-d8">
         <name>.debug_info</name>
         <load_address>0x2a7d</load_address>
         <run_address>0x2a7d</run_address>
         <size>0x2c</size>
         <input_file_ref idref="fl-38"/>
      </object_component>
      <object_component id="oc-e7">
         <name>.debug_info</name>
         <load_address>0x2aa9</load_address>
         <run_address>0x2aa9</run_address>
         <size>0x126</size>
         <input_file_ref idref="fl-7"/>
      </object_component>
      <object_component id="oc-eb">
         <name>.debug_info</name>
         <load_address>0x2bcf</load_address>
         <run_address>0x2bcf</run_address>
         <size>0x174</size>
         <input_file_ref idref="fl-3"/>
      </object_component>
      <object_component id="oc-ef">
         <name>.debug_info</name>
         <load_address>0x2d43</load_address>
         <run_address>0x2d43</run_address>
         <size>0x137</size>
         <input_file_ref idref="fl-3"/>
      </object_component>
      <object_component id="oc-f3">
         <name>.debug_info</name>
         <load_address>0x2e7a</load_address>
         <run_address>0x2e7a</run_address>
         <size>0x120</size>
         <input_file_ref idref="fl-3"/>
      </object_component>
      <object_component id="oc-fa">
         <name>.debug_info</name>
         <load_address>0x2f9a</load_address>
         <run_address>0x2f9a</run_address>
         <size>0x146</size>
         <input_file_ref idref="fl-3"/>
      </object_component>
      <object_component id="oc-fd">
         <name>.debug_info</name>
         <load_address>0x30e0</load_address>
         <run_address>0x30e0</run_address>
         <size>0x109</size>
         <input_file_ref idref="fl-6"/>
      </object_component>
      <object_component id="oc-102">
         <name>.debug_info</name>
         <load_address>0x31e9</load_address>
         <run_address>0x31e9</run_address>
         <size>0x10d</size>
         <input_file_ref idref="fl-6"/>
      </object_component>
      <object_component id="oc-107">
         <name>.debug_info</name>
         <load_address>0x32f6</load_address>
         <run_address>0x32f6</run_address>
         <size>0xf8</size>
         <input_file_ref idref="fl-6"/>
      </object_component>
      <object_component id="oc-10d">
         <name>.debug_info</name>
         <load_address>0x33ee</load_address>
         <run_address>0x33ee</run_address>
         <size>0x120</size>
         <input_file_ref idref="fl-3"/>
      </object_component>
      <object_component id="oc-111">
         <name>.debug_info</name>
         <load_address>0x350e</load_address>
         <run_address>0x350e</run_address>
         <size>0x10d</size>
         <input_file_ref idref="fl-6"/>
      </object_component>
      <object_component id="oc-116">
         <name>.debug_info</name>
         <load_address>0x361b</load_address>
         <run_address>0x361b</run_address>
         <size>0x10d</size>
         <input_file_ref idref="fl-6"/>
      </object_component>
      <object_component id="oc-11b">
         <name>.debug_info</name>
         <load_address>0x3728</load_address>
         <run_address>0x3728</run_address>
         <size>0x111</size>
         <input_file_ref idref="fl-6"/>
      </object_component>
      <object_component id="oc-120">
         <name>.debug_info</name>
         <load_address>0x3839</load_address>
         <run_address>0x3839</run_address>
         <size>0x109</size>
         <input_file_ref idref="fl-6"/>
      </object_component>
      <object_component id="oc-125">
         <name>.debug_info</name>
         <load_address>0x3942</load_address>
         <run_address>0x3942</run_address>
         <size>0x10d</size>
         <input_file_ref idref="fl-6"/>
      </object_component>
      <object_component id="oc-12c">
         <name>.debug_info</name>
         <load_address>0x3a4f</load_address>
         <run_address>0x3a4f</run_address>
         <size>0x137</size>
         <input_file_ref idref="fl-3"/>
      </object_component>
      <object_component id="oc-12f">
         <name>.debug_info</name>
         <load_address>0x3b86</load_address>
         <run_address>0x3b86</run_address>
         <size>0x14e</size>
         <input_file_ref idref="fl-7"/>
      </object_component>
      <object_component id="oc-139">
         <name>.debug_info</name>
         <load_address>0x3cd4</load_address>
         <run_address>0x3cd4</run_address>
         <size>0x39</size>
         <input_file_ref idref="fl-57"/>
      </object_component>
      <object_component id="oc-13f">
         <name>.debug_info</name>
         <load_address>0x3d0d</load_address>
         <run_address>0x3d0d</run_address>
         <size>0x151</size>
         <input_file_ref idref="fl-6"/>
      </object_component>
      <object_component id="oc-147">
         <name>.debug_info</name>
         <load_address>0x3e5e</load_address>
         <run_address>0x3e5e</run_address>
         <size>0x17b</size>
         <input_file_ref idref="fl-3"/>
      </object_component>
      <object_component id="oc-14d">
         <name>.debug_info</name>
         <load_address>0x3fd9</load_address>
         <run_address>0x3fd9</run_address>
         <size>0x15a</size>
         <input_file_ref idref="fl-3"/>
      </object_component>
      <object_component id="oc-151">
         <name>.debug_info</name>
         <load_address>0x4133</load_address>
         <run_address>0x4133</run_address>
         <size>0x1ec</size>
         <input_file_ref idref="fl-3"/>
      </object_component>
      <object_component id="oc-156">
         <name>.debug_info</name>
         <load_address>0x431f</load_address>
         <run_address>0x431f</run_address>
         <size>0x198</size>
         <input_file_ref idref="fl-3"/>
      </object_component>
      <object_component id="oc-15c">
         <name>.debug_info</name>
         <load_address>0x44b7</load_address>
         <run_address>0x44b7</run_address>
         <size>0x25f</size>
         <input_file_ref idref="fl-3"/>
      </object_component>
      <object_component id="oc-15f">
         <name>.debug_info</name>
         <load_address>0x4716</load_address>
         <run_address>0x4716</run_address>
         <size>0x22b</size>
         <input_file_ref idref="fl-7"/>
      </object_component>
      <object_component id="oc-169">
         <name>.debug_info</name>
         <load_address>0x4941</load_address>
         <run_address>0x4941</run_address>
         <size>0x121</size>
         <input_file_ref idref="fl-2"/>
      </object_component>
      <object_component id="oc-16e">
         <name>.debug_info</name>
         <load_address>0x4a62</load_address>
         <run_address>0x4a62</run_address>
         <size>0x100</size>
         <input_file_ref idref="fl-2"/>
      </object_component>
      <object_component id="oc-173">
         <name>.debug_info</name>
         <load_address>0x4b62</load_address>
         <run_address>0x4b62</run_address>
         <size>0xf3</size>
         <input_file_ref idref="fl-2"/>
      </object_component>
      <object_component id="oc-178">
         <name>.debug_info</name>
         <load_address>0x4c55</load_address>
         <run_address>0x4c55</run_address>
         <size>0x11d</size>
         <input_file_ref idref="fl-2"/>
      </object_component>
      <object_component id="oc-17e">
         <name>.debug_info</name>
         <load_address>0x4d72</load_address>
         <run_address>0x4d72</run_address>
         <size>0x149</size>
         <input_file_ref idref="fl-3"/>
      </object_component>
      <object_component id="oc-18d">
         <name>.debug_info</name>
         <load_address>0x4ebb</load_address>
         <run_address>0x4ebb</run_address>
         <size>0x16d</size>
         <input_file_ref idref="fl-2"/>
      </object_component>
      <object_component id="oc-192">
         <name>.debug_info</name>
         <load_address>0x5028</load_address>
         <run_address>0x5028</run_address>
         <size>0x16d</size>
         <input_file_ref idref="fl-2"/>
      </object_component>
      <object_component id="oc-197">
         <name>.debug_info</name>
         <load_address>0x5195</load_address>
         <run_address>0x5195</run_address>
         <size>0x16d</size>
         <input_file_ref idref="fl-2"/>
      </object_component>
      <object_component id="oc-19d">
         <name>.debug_info</name>
         <load_address>0x5302</load_address>
         <run_address>0x5302</run_address>
         <size>0xd3</size>
         <input_file_ref idref="fl-4d"/>
      </object_component>
      <object_component id="oc-1a3">
         <name>.debug_info</name>
         <load_address>0x53d5</load_address>
         <run_address>0x53d5</run_address>
         <size>0xd3</size>
         <input_file_ref idref="fl-36"/>
      </object_component>
      <object_component id="oc-1a5">
         <name>.debug_info</name>
         <load_address>0x54a8</load_address>
         <run_address>0x54a8</run_address>
         <size>0xd4</size>
         <input_file_ref idref="fl-51"/>
      </object_component>
      <object_component id="oc-1aa">
         <name>.debug_info</name>
         <load_address>0x557c</load_address>
         <run_address>0x557c</run_address>
         <size>0x175</size>
         <input_file_ref idref="fl-2"/>
      </object_component>
      <object_component id="oc-1af">
         <name>.debug_info</name>
         <load_address>0x56f1</load_address>
         <run_address>0x56f1</run_address>
         <size>0x173</size>
         <input_file_ref idref="fl-2"/>
      </object_component>
      <object_component id="oc-1b4">
         <name>.debug_info</name>
         <load_address>0x5864</load_address>
         <run_address>0x5864</run_address>
         <size>0x173</size>
         <input_file_ref idref="fl-2"/>
      </object_component>
      <object_component id="oc-1ba">
         <name>.debug_info</name>
         <load_address>0x59d7</load_address>
         <run_address>0x59d7</run_address>
         <size>0x102</size>
         <input_file_ref idref="fl-2"/>
      </object_component>
      <object_component id="oc-1bf">
         <name>.debug_info</name>
         <load_address>0x5ad9</load_address>
         <run_address>0x5ad9</run_address>
         <size>0x100</size>
         <input_file_ref idref="fl-2"/>
      </object_component>
      <object_component id="oc-1c4">
         <name>.debug_info</name>
         <load_address>0x5bd9</load_address>
         <run_address>0x5bd9</run_address>
         <size>0x100</size>
         <input_file_ref idref="fl-2"/>
      </object_component>
      <object_component id="oc-1c9">
         <name>.debug_info</name>
         <load_address>0x5cd9</load_address>
         <run_address>0x5cd9</run_address>
         <size>0xd0</size>
         <input_file_ref idref="fl-2"/>
      </object_component>
      <object_component id="oc-1cb">
         <name>.debug_info</name>
         <load_address>0x5da9</load_address>
         <run_address>0x5da9</run_address>
         <size>0xcc</size>
         <input_file_ref idref="fl-2"/>
      </object_component>
      <object_component id="oc-1cd">
         <name>.debug_info</name>
         <load_address>0x5e75</load_address>
         <run_address>0x5e75</run_address>
         <size>0xd0</size>
         <input_file_ref idref="fl-2"/>
      </object_component>
      <object_component id="oc-1cf">
         <name>.debug_info</name>
         <load_address>0x5f45</load_address>
         <run_address>0x5f45</run_address>
         <size>0xcc</size>
         <input_file_ref idref="fl-2"/>
      </object_component>
      <object_component id="oc-1d1">
         <name>.debug_info</name>
         <load_address>0x6011</load_address>
         <run_address>0x6011</run_address>
         <size>0xce</size>
         <input_file_ref idref="fl-2"/>
      </object_component>
      <object_component id="oc-1d3">
         <name>.debug_info</name>
         <load_address>0x60df</load_address>
         <run_address>0x60df</run_address>
         <size>0xca</size>
         <input_file_ref idref="fl-2"/>
      </object_component>
      <object_component id="oc-1d5">
         <name>.debug_info</name>
         <load_address>0x61a9</load_address>
         <run_address>0x61a9</run_address>
         <size>0xce</size>
         <input_file_ref idref="fl-2"/>
      </object_component>
      <object_component id="oc-1d7">
         <name>.debug_info</name>
         <load_address>0x6277</load_address>
         <run_address>0x6277</run_address>
         <size>0xca</size>
         <input_file_ref idref="fl-2"/>
      </object_component>
      <object_component id="oc-1d9">
         <name>.debug_info</name>
         <load_address>0x6341</load_address>
         <run_address>0x6341</run_address>
         <size>0xce</size>
         <input_file_ref idref="fl-2"/>
      </object_component>
      <object_component id="oc-1db">
         <name>.debug_info</name>
         <load_address>0x640f</load_address>
         <run_address>0x640f</run_address>
         <size>0xca</size>
         <input_file_ref idref="fl-2"/>
      </object_component>
      <object_component id="oc-1dd">
         <name>.debug_info</name>
         <load_address>0x64d9</load_address>
         <run_address>0x64d9</run_address>
         <size>0xcf</size>
         <input_file_ref idref="fl-2"/>
      </object_component>
      <object_component id="oc-1df">
         <name>.debug_info</name>
         <load_address>0x65a8</load_address>
         <run_address>0x65a8</run_address>
         <size>0xcb</size>
         <input_file_ref idref="fl-2"/>
      </object_component>
      <object_component id="oc-1e3">
         <name>.debug_info</name>
         <load_address>0x6673</load_address>
         <run_address>0x6673</run_address>
         <size>0x64f</size>
         <input_file_ref idref="fl-3"/>
      </object_component>
      <object_component id="oc-1e8">
         <name>.debug_info</name>
         <load_address>0x6cc2</load_address>
         <run_address>0x6cc2</run_address>
         <size>0x1fd</size>
         <input_file_ref idref="fl-2"/>
      </object_component>
      <object_component id="oc-1ed">
         <name>.debug_info</name>
         <load_address>0x6ebf</load_address>
         <run_address>0x6ebf</run_address>
         <size>0x1c7</size>
         <input_file_ref idref="fl-2"/>
      </object_component>
      <object_component id="oc-1f6">
         <name>.debug_info</name>
         <load_address>0x7086</load_address>
         <run_address>0x7086</run_address>
         <size>0xcf</size>
         <input_file_ref idref="fl-2"/>
      </object_component>
      <object_component id="oc-1f8">
         <name>.debug_info</name>
         <load_address>0x7155</load_address>
         <run_address>0x7155</run_address>
         <size>0xcb</size>
         <input_file_ref idref="fl-2"/>
      </object_component>
      <object_component id="oc-1fa">
         <name>.debug_info</name>
         <load_address>0x7220</load_address>
         <run_address>0x7220</run_address>
         <size>0xcf</size>
         <input_file_ref idref="fl-2"/>
      </object_component>
      <object_component id="oc-1fc">
         <name>.debug_info</name>
         <load_address>0x72ef</load_address>
         <run_address>0x72ef</run_address>
         <size>0xcb</size>
         <input_file_ref idref="fl-2"/>
      </object_component>
      <object_component id="oc-203">
         <name>.debug_info</name>
         <load_address>0x73ba</load_address>
         <run_address>0x73ba</run_address>
         <size>0xcf</size>
         <input_file_ref idref="fl-2"/>
      </object_component>
      <object_component id="oc-205">
         <name>.debug_info</name>
         <load_address>0x7489</load_address>
         <run_address>0x7489</run_address>
         <size>0xc4</size>
         <input_file_ref idref="fl-2"/>
      </object_component>
      <object_component id="oc-207">
         <name>.debug_info</name>
         <load_address>0x754d</load_address>
         <run_address>0x754d</run_address>
         <size>0xc2</size>
         <input_file_ref idref="fl-2"/>
      </object_component>
      <object_component id="oc-210">
         <name>.debug_info</name>
         <load_address>0x760f</load_address>
         <run_address>0x760f</run_address>
         <size>0xe8</size>
         <input_file_ref idref="fl-3b"/>
      </object_component>
      <object_component id="oc-21a">
         <name>.debug_info</name>
         <load_address>0x76f7</load_address>
         <run_address>0x76f7</run_address>
         <size>0x253</size>
         <input_file_ref idref="fl-2"/>
      </object_component>
      <object_component id="oc-234">
         <name>.debug_info</name>
         <load_address>0x794a</load_address>
         <run_address>0x794a</run_address>
         <size>0xca</size>
         <input_file_ref idref="fl-2"/>
      </object_component>
      <object_component id="oc-236">
         <name>.debug_info</name>
         <load_address>0x7a14</load_address>
         <run_address>0x7a14</run_address>
         <size>0xd3</size>
         <input_file_ref idref="fl-4c"/>
      </object_component>
      <object_component id="oc-23a">
         <name>.debug_info</name>
         <load_address>0x7ae7</load_address>
         <run_address>0x7ae7</run_address>
         <size>0xcd</size>
         <input_file_ref idref="fl-2"/>
      </object_component>
      <object_component id="oc-23c">
         <name>.debug_info</name>
         <load_address>0x7bb4</load_address>
         <run_address>0x7bb4</run_address>
         <size>0xc9</size>
         <input_file_ref idref="fl-2"/>
      </object_component>
      <object_component id="oc-23e">
         <name>.debug_info</name>
         <load_address>0x7c7d</load_address>
         <run_address>0x7c7d</run_address>
         <size>0xcd</size>
         <input_file_ref idref="fl-2"/>
      </object_component>
      <object_component id="oc-240">
         <name>.debug_info</name>
         <load_address>0x7d4a</load_address>
         <run_address>0x7d4a</run_address>
         <size>0xc9</size>
         <input_file_ref idref="fl-2"/>
      </object_component>
      <object_component id="oc-243">
         <name>.debug_info</name>
         <load_address>0x7e13</load_address>
         <run_address>0x7e13</run_address>
         <size>0xc6</size>
         <input_file_ref idref="fl-2"/>
      </object_component>
      <object_component id="oc-245">
         <name>.debug_info</name>
         <load_address>0x7ed9</load_address>
         <run_address>0x7ed9</run_address>
         <size>0xd6</size>
[...]
      </symbol>
      <symbol id="sm-268">
         <name>oldBlinkFlag</name>
         <value>0x296</value>
         <object_component_ref idref="oc-17d"/>
      </symbol>
      <symbol id="sm-269">
         <name>ta_show24HourTimeWithDelay</name>
         <value>0xd07a</value>
         <object_component_ref idref="oc-154"/>
      </symbol>
      <symbol id="sm-26a">
         <name>ta_timer</name>
         <value>0x29b</value>
         <object_component_ref idref="oc-17d"/>
      </symbol>
      <symbol id="sm-26b">
         <name>ta_initShowPattern</name>
         <value>0xd11e</value>
         <object_component_ref idref="oc-e8"/>
      </symbol>
      <symbol id="sm-26c">
         <name>ta_initShow24HourTimeWithDelay</name>
         <value>0xd234</value>
         <object_component_ref idref="oc-f7"/>
      </symbol>
      <symbol id="sm-26d">
         <name>ta_decSpeed</name>
         <value>0xd1fe</value>
         <object_component_ref idref="oc-10b"/>
      </symbol>
      <symbol id="sm-298">
         <name>btn_TLState</name>
         <value>0x2a4</value>
      </symbol>
      <symbol id="sm-299">
         <name>btn_BLState</name>
         <value>0x2a2</value>
      </symbol>
      <symbol id="sm-29a">
         <name>btn_BRState</name>
         <value>0x2a3</value>
      </symbol>
      <symbol id="sm-29b">
         <name>__TI_int06</name>
         <value>0xffec</value>
         <object_component_ref idref="oc-33"/>
      </symbol>
      <symbol id="sm-29c">
         <name>__TI_int00</name>
         <value>0xffe0</value>
         <object_component_ref idref="oc-2f"/>
      </symbol>
      <symbol id="sm-29d">
         <name>__TI_int13</name>
         <value>0xfffa</value>
         <object_component_ref idref="oc-3a"/>
      </symbol>
      <symbol id="sm-29e">
         <name>frameCount</name>
         <value>0x28e</value>
         <object_component_ref idref="oc-b6"/>
      </symbol>
      <symbol id="sm-29f">
         <name>blinkCounter</name>
         <value>0x290</value>
         <object_component_ref idref="oc-b6"/>
      </symbol>
      <symbol id="sm-2a0">
         <name>gRTCHundreths</name>
         <value>0x293</value>
         <object_component_ref idref="oc-b6"/>
      </symbol>
      <symbol id="sm-2a1">
         <name>blinkFlag</name>
         <value>0x292</value>
         <object_component_ref idref="oc-b6"/>
      </symbol>
      <symbol id="sm-2a2">
         <name>main</name>
         <value>0xcab0</value>
         <object_component_ref idref="oc-70"/>
      </symbol>
      <symbol id="sm-2a3">
         <name>basic_timer</name>
         <value>0xd242</value>
         <object_component_ref idref="oc-53"/>
      </symbol>
      <symbol id="sm-2a4">
         <name>gOldRTCSecond</name>
         <value>0x294</value>
         <object_component_ref idref="oc-b6"/>
      </symbol>
      <symbol id="sm-2a5">
         <name>Timer_A</name>
         <value>0xcb4c</value>
         <object_component_ref idref="oc-5c"/>
      </symbol>
      <symbol id="sm-2a6">
         <name>Timer_A1</name>
         <value>0xcff2</value>
         <object_component_ref idref="oc-61"/>
      </symbol>
      <symbol id="sm-2a7">
         <name>timeDirection</name>
         <value>0x28f</value>
         <object_component_ref idref="oc-b6"/>
      </symbol>
      <symbol id="sm-2ee">
         <name>RTC_decHour</name>
         <value>0xd0b0</value>
         <object_component_ref idref="oc-124"/>
      </symbol>
      <symbol id="sm-2ef">
         <name>RTC_resetSec</name>
         <value>0xd222</value>
         <object_component_ref idref="oc-106"/>
      </symbol>
      <symbol id="sm-2f0">
         <name>RTC_decMin</name>
         <value>0xd0c6</value>
         <object_component_ref idref="oc-11f"/>
      </symbol>
      <symbol id="sm-2f1">
         <name>RTC_incMin</name>
         <value>0xd148</value>
         <object_component_ref idref="oc-fc"/>
      </symbol>
      <symbol id="sm-2f2">
         <name>bcd2int</name>
         <value>0xcfca</value>
         <object_component_ref idref="oc-13e"/>
      </symbol>
      <symbol id="sm-2f3">
         <name>RTC_decDate</name>
         <value>0xd184</value>
         <object_component_ref idref="oc-115"/>
      </symbol>
      <symbol id="sm-2f4">
         <name>RTC_decYear</name>
         <value>0xd0dc</value>
         <object_component_ref idref="oc-110"/>
      </symbol>
      <symbol id="sm-2f5">
         <name>RTC_incHour</name>
         <value>0xd134</value>
         <object_component_ref idref="oc-101"/>
      </symbol>
      <symbol id="sm-2f6">
         <name>initRTC</name>
         <value>0xcef0</value>
         <object_component_ref idref="oc-c0"/>
      </symbol>
      <symbol id="sm-2f7">
         <name>RTC_decMonth</name>
         <value>0xd196</value>
         <object_component_ref idref="oc-11a"/>
      </symbol>
      <symbol id="sm-34e">
         <name>UI_dispatchEvent</name>
         <value>0xc000</value>
         <object_component_ref idref="oc-b0"/>
      </symbol>
      <symbol id="sm-34f">
         <name>UI_dispatchMain</name>
         <value>0xc6bc</value>
         <object_component_ref idref="oc-ca"/>
      </symbol>
      <symbol id="sm-350">
         <name>currentSubMode</name>
         <value>0x29d</value>
         <object_component_ref idref="oc-e6"/>
      </symbol>
      <symbol id="sm-351">
         <name>UI_showSetTime</name>
         <value>0xccda</value>
         <object_component_ref idref="oc-15e"/>
      </symbol>
      <symbol id="sm-352">
         <name>UI_InitShowSleep</name>
         <value>0xcfa0</value>
         <object_component_ref idref="oc-12e"/>
      </symbol>
      <symbol id="sm-353">
         <name>infoAnimMask</name>
         <value>0x29e</value>
         <object_component_ref idref="oc-e6"/>
      </symbol>
      <symbol id="sm-354">
         <name>currentMode</name>
         <value>0x29c</value>
         <object_component_ref idref="oc-e6"/>
      </symbol>
      <symbol id="sm-35c">
         <name>__mspabi_srai</name>
         <value>0xcf1c</value>
         <object_component_ref idref="oc-1a0"/>
      </symbol>
      <symbol id="sm-35d">
         <name>__mspabi_srai_8</name>
         <value>0xcf36</value>
         <object_component_ref idref="oc-1a0"/>
      </symbol>
      <symbol id="sm-35e">
         <name>__mspabi_srai_9</name>
         <value>0xcf34</value>
         <object_component_ref idref="oc-1a0"/>
      </symbol>
      <symbol id="sm-35f">
         <name>__mspabi_srai_6</name>
         <value>0xcf3a</value>
         <object_component_ref idref="oc-1a0"/>
      </symbol>
      <symbol id="sm-360">
         <name>__mspabi_srai_7</name>
         <value>0xcf38</value>
         <object_component_ref idref="oc-1a0"/>
      </symbol>
      <symbol id="sm-361">
         <name>__mspabi_srai_4</name>
         <value>0xcf3e</value>
         <object_component_ref idref="oc-1a0"/>
      </symbol>
      <symbol id="sm-362">
         <name>__mspabi_srai_5</name>
         <value>0xcf3c</value>
         <object_component_ref idref="oc-1a0"/>
      </symbol>
      <symbol id="sm-363">
         <name>__mspabi_srai_2</name>
         <value>0xcf42</value>
         <object_component_ref idref="oc-1a0"/>
      </symbol>
      <symbol id="sm-364">
         <name>__mspabi_srai_3</name>
         <value>0xcf40</value>
         <object_component_ref idref="oc-1a0"/>
      </symbol>
      <symbol id="sm-365">
         <name>__mspabi_srai_1</name>
         <value>0xcf44</value>
         <object_component_ref idref="oc-1a0"/>
      </symbol>
      <symbol id="sm-366">
         <name>__mspabi_srai_15</name>
         <value>0xcf28</value>
         <object_component_ref idref="oc-1a0"/>
      </symbol>
      <symbol id="sm-367">
         <name>__mspabi_srai_14</name>
         <value>0xcf2a</value>
         <object_component_ref idref="oc-1a0"/>
      </symbol>
      <symbol id="sm-368">
         <name>__mspabi_srai_13</name>
         <value>0xcf2c</value>
         <object_component_ref idref="oc-1a0"/>
      </symbol>
      <symbol id="sm-369">
         <name>__mspabi_srai_12</name>
         <value>0xcf2e</value>
         <object_component_ref idref="oc-1a0"/>
      </symbol>
      <symbol id="sm-36a">
         <name>__mspabi_srai_11</name>
         <value>0xcf30</value>
         <object_component_ref idref="oc-1a0"/>
      </symbol>
      <symbol id="sm-36b">
         <name>__mspabi_srai_10</name>
         <value>0xcf32</value>
         <object_component_ref idref="oc-1a0"/>
      </symbol>
      <symbol id="sm-379">
         <name>_c_int00_noexit</name>
         <value>0xd096</value>
         <object_component_ref idref="oc-3c"/>
      </symbol>
      <symbol id="sm-37a">
         <name>_c_int00</name>
         <value>0xd096</value>
         <object_component_ref idref="oc-3c"/>
      </symbol>
      <symbol id="sm-37b">
         <name>_stack</name>
         <value>0x3b0</value>
         <object_component_ref idref="oc-50"/>
      </symbol>
      <symbol id="sm-37c">
         <name>_reset_vector</name>
         <value>0xfffe</value>
         <object_component_ref idref="oc-52"/>
      </symbol>
      <symbol id="sm-391">
         <name>__TI_decompress_none</name>
         <value>0xd1a8</value>
         <object_component_ref idref="oc-41"/>
      </symbol>
      <symbol id="sm-3b1">
         <name>__TI_decompress_rle24</name>
         <value>0xd22e</value>
         <object_component_ref idref="oc-4b"/>
      </symbol>
      <symbol id="sm-3c8">
         <name>__TI_zero_init</name>
         <value>0xd15c</value>
         <object_component_ref idref="oc-46"/>
      </symbol>
      <symbol id="sm-3d3">
         <name>__mspabi_remi</name>
         <value>0xcf48</value>
         <object_component_ref idref="oc-20e"/>
      </symbol>
      <symbol id="sm-3d4">
         <name>__mspabi_divi</name>
         <value>0xcf48</value>
         <object_component_ref idref="oc-20e"/>
      </symbol>
      <symbol id="sm-3dd">
         <name>__mspabi_remu</name>
         <value>0xd108</value>
         <object_component_ref idref="oc-257"/>
      </symbol>
      <symbol id="sm-3de">
         <name>__mspabi_divu</name>
         <value>0xd108</value>
         <object_component_ref idref="oc-257"/>
      </symbol>
      <symbol id="sm-3eb">
         <name>__mspabi_remul</name>
         <value>0xcc82</value>
         <object_component_ref idref="oc-244"/>
      </symbol>
      <symbol id="sm-3ec">
         <name>__mspabi_divul</name>
         <value>0xcc82</value>
         <object_component_ref idref="oc-244"/>
      </symbol>
      <symbol id="sm-3f4">
         <name>__mspabi_func_epilog_2</name>
         <value>0xd1f8</value>
         <object_component_ref idref="oc-ba"/>
      </symbol>
      <symbol id="sm-3f5">
         <name>__mspabi_func_epilog_3</name>
         <value>0xd1f6</value>
         <object_component_ref idref="oc-ba"/>
      </symbol>
      <symbol id="sm-3f6">
         <name>__mspabi_func_epilog_1</name>
         <value>0xd1fa</value>
         <object_component_ref idref="oc-ba"/>
      </symbol>
      <symbol id="sm-3f7">
         <name>__mspabi_func_epilog_6</name>
         <value>0xd1f0</value>
         <object_component_ref idref="oc-ba"/>
      </symbol>
      <symbol id="sm-3f8">
         <name>__mspabi_func_epilog_7</name>
         <value>0xd1ee</value>
         <object_component_ref idref="oc-ba"/>
      </symbol>
      <symbol id="sm-3f9">
         <name>__mspabi_func_epilog_4</name>
         <value>0xd1f4</value>
         <object_component_ref idref="oc-ba"/>
      </symbol>
      <symbol id="sm-3fa">
         <name>__mspabi_func_epilog_5</name>
         <value>0xd1f2</value>
         <object_component_ref idref="oc-ba"/>
      </symbol>
      <symbol id="sm-403">
         <name>C$$EXIT</name>
         <value>0xd23e</value>
         <object_component_ref idref="oc-75"/>
      </symbol>
      <symbol id="sm-404">
         <name>abort</name>
         <value>0xd23e</value>
         <object_component_ref idref="oc-75"/>
      </symbol>
      <symbol id="sm-407">
         <name>__TI_int01</name>
         <value>0xffe2</value>
         <object_component_ref idref="oc-30"/>
      </symbol>
      <symbol id="sm-40a">
         <name>__TI_int04</name>
         <value>0xffe8</value>
         <object_component_ref idref="oc-31"/>
      </symbol>
      <symbol id="sm-40d">
         <name>__TI_int05</name>
         <value>0xffea</value>
         <object_component_ref idref="oc-32"/>
      </symbol>
      <symbol id="sm-410">
         <name>__TI_int07</name>
         <value>0xffee</value>
         <object_component_ref idref="oc-34"/>
      </symbol>
      <symbol id="sm-413">
         <name>__TI_int08</name>
         <value>0xfff0</value>
         <object_component_ref idref="oc-35"/>
      </symbol>
      <symbol id="sm-416">
         <name>__TI_int09</name>
         <value>0xfff2</value>
         <object_component_ref idref="oc-36"/>
      </symbol>
      <symbol id="sm-419">
         <name>__TI_int10</name>
         <value>0xfff4</value>
         <object_component_ref idref="oc-37"/>
      </symbol>
      <symbol id="sm-41c">
         <name>__TI_int11</name>
         <value>0xfff6</value>
         <object_component_ref idref="oc-38"/>
      </symbol>
      <symbol id="sm-41f">
         <name>__TI_int12</name>
         <value>0xfff8</value>
         <object_component_ref idref="oc-39"/>
      </symbol>
      <symbol id="sm-422">
         <name>__TI_int14</name>
         <value>0xfffc</value>
         <object_component_ref idref="oc-3b"/>
      </symbol>
      <symbol id="sm-429">
         <name>__TI_ISR_TRAP</name>
         <value>0xd228</value>
         <object_component_ref idref="oc-58"/>
      </symbol>
      <symbol id="sm-431">
         <name>__mspabi_slli</name>
         <value>0xcf74</value>
         <object_component_ref idref="oc-235"/>
      </symbol>
      <symbol id="sm-432">
         <name>__mspabi_slli_9</name>
         <value>0xcf8c</value>
         <object_component_ref idref="oc-235"/>
      </symbol>
      <symbol id="sm-433">
         <name>__mspabi_slli_8</name>
         <value>0xcf8e</value>
         <object_component_ref idref="oc-235"/>
      </symbol>
      <symbol id="sm-434">
         <name>__mspabi_slli_7</name>
         <value>0xcf90</value>
         <object_component_ref idref="oc-235"/>
      </symbol>
      <symbol id="sm-435">
         <name>__mspabi_slli_6</name>
         <value>0xcf92</value>
         <object_component_ref idref="oc-235"/>
      </symbol>
      <symbol id="sm-436">
         <name>__mspabi_slli_5</name>
         <value>0xcf94</value>
         <object_component_ref idref="oc-235"/>
      </symbol>
      <symbol id="sm-437">
         <name>__mspabi_slli_4</name>
         <value>0xcf96</value>
         <object_component_ref idref="oc-235"/>
      </symbol>
      <symbol id="sm-438">
         <name>__mspabi_slli_3</name>
         <value>0xcf98</value>
         <object_component_ref idref="oc-235"/>
      </symbol>
      <symbol id="sm-439">
         <name>__mspabi_slli_2</name>
         <value>0xcf9a</value>
         <object_component_ref idref="oc-235"/>
      </symbol>
      <symbol id="sm-43a">
         <name>__mspabi_slli_1</name>
         <value>0xcf9c</value>
         <object_component_ref idref="oc-235"/>
      </symbol>
      <symbol id="sm-43b">
         <name>__mspabi_slli_15</name>
         <value>0xcf80</value>
         <object_component_ref idref="oc-235"/>
      </symbol>
      <symbol id="sm-43c">
         <name>__mspabi_slli_14</name>
         <value>0xcf82</value>
         <object_component_ref idref="oc-235"/>
      </symbol>
      <symbol id="sm-43d">
         <name>__mspabi_slli_13</name>
         <value>0xcf84</value>
         <object_component_ref idref="oc-235"/>
      </symbol>
      <symbol id="sm-43e">
         <name>__mspabi_slli_12</name>
         <value>0xcf86</value>
         <object_component_ref idref="oc-235"/>
      </symbol>
      <symbol id="sm-43f">
         <name>__mspabi_slli_11</name>
         <value>0xcf88</value>
         <object_component_ref idref="oc-235"/>
      </symbol>
      <symbol id="sm-440">
         <name>__mspabi_slli_10</name>
         <value>0xcf8a</value>
         <object_component_ref idref="oc-235"/>
      </symbol>
      <symbol id="sm-447">
         <name>__mspabi_srli_8</name>
         <value>0xcd56</value>
         <object_component_ref idref="oc-19c"/>
      </symbol>
      <symbol id="sm-448">
         <name>__mspabi_srli_9</name>
         <value>0xcd52</value>
         <object_component_ref idref="oc-19c"/>
      </symbol>
      <symbol id="sm-449">
         <name>__mspabi_srli_6</name>
         <value>0xcd5e</value>
         <object_component_ref idref="oc-19c"/>
      </symbol>
      <symbol id="sm-44a">
         <name>__mspabi_srli_7</name>
         <value>0xcd5a</value>
         <object_component_ref idref="oc-19c"/>
      </symbol>
      <symbol id="sm-44b">
         <name>__mspabi_srli_4</name>
         <value>0xcd66</value>
         <object_component_ref idref="oc-19c"/>
      </symbol>
      <symbol id="sm-44c">
         <name>__mspabi_srli_5</name>
         <value>0xcd62</value>
         <object_component_ref idref="oc-19c"/>
      </symbol>
      <symbol id="sm-44d">
         <name>__mspabi_srli_2</name>
         <value>0xcd6e</value>
         <object_component_ref idref="oc-19c"/>
      </symbol>
      <symbol id="sm-44e">
         <name>__mspabi_srli_3</name>
         <value>0xcd6a</value>
         <object_component_ref idref="oc-19c"/>
      </symbol>
      <symbol id="sm-44f">
         <name>__mspabi_srli_1</name>
         <value>0xcd72</value>
         <object_component_ref idref="oc-19c"/>
      </symbol>
      <symbol id="sm-450">
         <name>__mspabi_srli</name>
         <value>0xcd2c</value>
         <object_component_ref idref="oc-19c"/>
      </symbol>
      <symbol id="sm-451">
         <name>__mspabi_srli_15</name>
         <value>0xcd3a</value>
         <object_component_ref idref="oc-19c"/>
      </symbol>
      <symbol id="sm-452">
         <name>__mspabi_srli_14</name>
         <value>0xcd3e</value>
         <object_component_ref idref="oc-19c"/>
      </symbol>
      <symbol id="sm-453">
         <name>__mspabi_srli_13</name>
         <value>0xcd42</value>
         <object_component_ref idref="oc-19c"/>
      </symbol>
      <symbol id="sm-454">
         <name>__mspabi_srli_12</name>
         <value>0xcd46</value>
         <object_component_ref idref="oc-19c"/>
      </symbol>
      <symbol id="sm-455">
         <name>__mspabi_srli_11</name>
         <value>0xcd4a</value>
         <object_component_ref idref="oc-19c"/>
      </symbol>
      <symbol id="sm-456">
         <name>__mspabi_srli_10</name>
         <value>0xcd4e</value>
         <object_component_ref idref="oc-19c"/>
      </symbol>
      <symbol id="sm-464">
         <name>memcpy</name>
         <value>0xd1ba</value>
         <object_component_ref idref="oc-7b"/>
      </symbol>
      <symbol id="sm-46e">
         <name>__mspabi_mpyi</name>
         <value>0xd170</value>
         <object_component_ref idref="oc-1a4"/>
      </symbol>
      <symbol id="sm-478">
         <name>_system_pre_init</name>
         <value>0xd23a</value>
         <object_component_ref idref="oc-66"/>
      </symbol>
      <symbol id="sm-48f">
         <name>_auto_init</name>
         <value>0xcc24</value>
         <object_component_ref idref="oc-6b"/>
      </symbol>
      <symbol id="sm-492">
         <name>__TI_exit</name>
         <value>0x1</value>
      </symbol>
      <symbol id="sm-493">
         <name>__TI_args_main</name>
         <value>0x1</value>
      </symbol>
      <symbol id="sm-494">
         <name>__TI_INITARRAY_Base</name>
         <value>0x0</value>
      </symbol>
      <symbol id="sm-495">
         <name>__TI_INITARRAY_Limit</name>
         <value>0x0</value>
      </symbol>
   </symbol_table>
   <title>Link successful</title>
</link_info>
