******************************************************************************
                  MSP430 Linker PC v4.3.1                      
******************************************************************************
>> Linked Tue Sep 23 14:52:08 2014

OUTPUT FILE NAME:   <WatchCode-TA.out>
ENTRY POINT SYMBOL: "_c_int00"  address: 0000d096


MEMORY CONFIGURATION

         name            origin    length      used     unused   attr    fill
----------------------  --------  ---------  --------  --------  ----  --------
  SFR                   00000000   00000010  00000000  00000010  RWIX
  PERIPHERALS_8BIT      00000010   000000f0  00000000  000000f0  RWIX
  PERIPHERALS_16BIT     00000100   00000100  00000000  00000100  RWIX
  RAM                   00000200   00000200  000000f5  0000010b  RWIX
  INFOD                 00001000   00000040  00000000  00000040  RWIX
  INFOC                 00001040   00000040  00000000  00000040  RWIX
  INFOB                 00001080   00000040  00000000  00000040  RWIX
  INFOA                 000010c0   00000040  00000000  00000040  RWIX
  FLASH                 0000c000   00003fe0  000013be  00002c22  RWIX
  INT00                 0000ffe0   00000002  00000002  00000000  RWIX
  INT01                 0000ffe2   00000002  00000002  00000000  RWIX
  INT02                 0000ffe4   00000002  00000000  00000002  RWIX
  INT03                 0000ffe6   00000002  00000000  00000002  RWIX
  INT04                 0000ffe8   00000002  00000002  00000000  RWIX
  INT05                 0000ffea   00000002  00000002  00000000  RWIX
  INT06                 0000ffec   00000002  00000002  00000000  RWIX
  INT07                 0000ffee   00000002  00000002  00000000  RWIX
  INT08                 0000fff0   00000002  00000002  00000000  RWIX
  INT09                 0000fff2   00000002  00000002  00000000  RWIX
  INT10                 0000fff4   00000002  00000002  00000000  RWIX
  INT11                 0000fff6   00000002  00000002  00000000  RWIX
  INT12                 0000fff8   00000002  00000002  00000000  RWIX
  INT13                 0000fffa   00000002  00000002  00000000  RWIX
  INT14                 0000fffc   00000002  00000002  00000000  RWIX
  RESET                 0000fffe   00000002  00000002  00000000  RWIX


SECTION ALLOCATION MAP

 output                                  attributes/
section   page    origin      length       input sections
--------  ----  ----------  ----------   ----------------
.init_array 
*          0    0000c000    00000000     UNINITIALIZED

.data      0    00000200    000000a2     UNINITIALIZED
                  00000200    00000010     LCD.obj (.data:dayAMemPtr)
                  00000210    0000000e     LCD.obj (.data:dateAMemPtr)
                  0000021e    0000000e     LCD.obj (.data:dateBMemPtr)
                  0000022c    0000000e     LCD.obj (.data:dayBMemPtr)
                  0000023a    0000000e     LCD.obj (.data:hoursAMemPtr)
                  00000248    0000000e     LCD.obj (.data:hoursBMemPtr)
                  00000256    0000000e     LCD.obj (.data:minsAMemPtr)
                  00000264    0000000e     LCD.obj (.data:minsBMemPtr)
                  00000272    0000000e     LCD.obj (.data:secsAMemPtr)
                  00000280    0000000e     LCD.obj (.data:secsBMemPtr)
                  0000028e    00000007     main.obj (.data)
                  00000295    00000001     --HOLE--
                  00000296    00000006     auerbach_patterns.obj (.data)
                  0000029c    00000003     ta_UI.obj (.data)
                  0000029f    00000001     --HOLE--
                  000002a0    00000002     LCD.obj (.data)

.TI.persistent 
*          0    00000200    00000000     UNINITIALIZED

.bss       0    000002a2    00000003     UNINITIALIZED
                  000002a2    00000001     (.common:btn_BLState)
                  000002a3    00000001     (.common:btn_BRState)
                  000002a4    00000001     (.common:btn_TLState)

.TI.noinit 
*          0    000002a2    00000000     UNINITIALIZED

.stack     0    000003b0    00000050     UNINITIALIZED
                  000003b0    00000002     rts430_eabi.lib : boot.obj (.stack)
                  000003b2    0000004e     --HOLE--

.text      0    0000c000    00001244     
                  0000c000    00000274     ta_UI.obj (.text:UI_dispatchEvent)
                  0000c274    000001dc     auerbach_patterns.obj (.text:ta_setSpeed)
                  0000c450    0000019c     auerbach_patterns.obj (.text:ta_showPattern)
                  0000c5ec    000000d0     auerbach_patterns.obj (.text:ta_showInfo)
                  0000c6bc    000000c2     ta_UI.obj (.text:UI_dispatchMain)
                  0000c77e    000000ac     LCD.obj (.text:showNumber)
                  0000c82a    000000a6     LCD.obj (.text:setDaySegs)
                  0000c8d0    000000a0     LCD.obj (.text:setHourSegs)
                  0000c970    000000a0     LCD.obj (.text:setMinsSegs)
                  0000ca10    000000a0     LCD.obj (.text:setSecsSegs)
                  0000cab0    0000009c     main.obj (.text:main)
                  0000cb4c    0000007a     main.obj (.text:Timer_A)
                  0000cbc6    0000005e     rts430_eabi.lib : copy_decompress_rle.obj (.text:__TI_decompress_rle_core)
                  0000cc24    0000005e                     : autoinit.obj (.text:_auto_init)
                  0000cc82    00000058                     : div32u.obj (.text)
                  0000ccda    00000052     ta_UI.obj (.text:UI_showSetTime)
                  0000cd2c    0000004c     rts430_eabi.lib : lsr16.obj (.text)
                  0000cd78    0000003e     LCD.obj (.text:setHours)
                  0000cdb6    0000003e     LCD.obj (.text:setMins)
                  0000cdf4    00000034     LCD.obj (.text:setSecs)
                  0000ce28    00000032     LCD.obj (.text:clearDate)
                  0000ce5a    00000032     LCD.obj (.text:clearHours)
                  0000ce8c    00000032     LCD.obj (.text:clearMins)
                  0000cebe    00000032     LCD.obj (.text:clearSecs)
                  0000cef0    0000002c     rtc.obj (.text:initRTC)
                  0000cf1c    0000002c     rts430_eabi.lib : asr16.obj (.text)
                  0000cf48    0000002c                     : div16s.obj (.text)
                  0000cf74    0000002c                     : lsl16.obj (.text)
                  0000cfa0    0000002a     ta_UI.obj (.text:UI_InitShowSleep)
                  0000cfca    00000028     rtc.obj (.text:bcd2int)
                  0000cff2    00000026     main.obj (.text:Timer_A1)
                  0000d018    00000026     auerbach_patterns.obj (.text:ta_show24HourTime)
                  0000d03e    0000001e     LCD.obj (.text:setH24Icon)
                  0000d05c    0000001e     LCD.obj (.text:setSecsColon)
                  0000d07a    0000001c     auerbach_patterns.obj (.text:ta_show24HourTimeWithDelay)
                  0000d096    0000001a     rts430_eabi.lib : boot.obj (.text:_c_int00_noexit)
                  0000d0b0    00000016     rtc.obj (.text:RTC_decHour)
                  0000d0c6    00000016     rtc.obj (.text:RTC_decMin)
                  0000d0dc    00000016     rtc.obj (.text:RTC_decYear)
                  0000d0f2    00000016     LCD.obj (.text:clearLCD)
                  0000d108    00000016     rts430_eabi.lib : div16u.obj (.text)
                  0000d11e    00000016     auerbach_patterns.obj (.text:ta_initShowPattern)
                  0000d134    00000014     rtc.obj (.text:RTC_incHour)
                  0000d148    00000014     rtc.obj (.text:RTC_incMin)
                  0000d15c    00000014     rts430_eabi.lib : copy_zero_init.obj (.text:decompress:ZI:__TI_zero_init)
                  0000d170    00000014                     : mult16.obj (.text)
                  0000d184    00000012     rtc.obj (.text:RTC_decDate)
                  0000d196    00000012     rtc.obj (.text:RTC_decMonth)
                  0000d1a8    00000012     rts430_eabi.lib : copy_decompress_none.obj (.text:decompress:none:__TI_decompress_none)
                  0000d1ba    00000012                     : memcpy.obj (.text:memcpy)
                  0000d1cc    00000012     auerbach_patterns.obj (.text:ta_incSpeed)
                  0000d1de    00000010     LCD.obj (.text:clearDay)
                  0000d1ee    00000010     rts430_eabi.lib : epilog.obj (.text)
                  0000d1fe    00000010     auerbach_patterns.obj (.text:ta_decSpeed)
                  0000d20e    0000000a     auerbach_patterns.obj (.text:ta_initSetSpeed)
                  0000d218    0000000a     auerbach_patterns.obj (.text:ta_initShowInfo)
                  0000d222    00000006     rtc.obj (.text:RTC_resetSec)
                  0000d228    00000006     rts430_eabi.lib : isr_trap.obj (.text:__TI_ISR_TRAP)
                  0000d22e    00000006                     : copy_decompress_rle.obj (.text:decompress:rle24:__TI_decompress_rle24)
                  0000d234    00000006     auerbach_patterns.obj (.text:ta_initShow24HourTimeWithDelay)
                  0000d23a    00000004     rts430_eabi.lib : pre_init.obj (.text:_system_pre_init)
                  0000d23e    00000004                     : exit.obj (.text:abort)
                  0000d242    00000002     main.obj (.text:basic_timer)

.const     0    0000d244    000000c6     
                  0000d244    0000002c     LCD.obj (.const:.string:digit)
                  0000d270    00000021     auerbach_patterns.obj (.const:.string:text$4)
                  0000d291    00000001     --HOLE-- [fill = 0]
                  0000d292    00000008     LCD.obj (.const:.string:dateASegs)
                  0000d29a    00000008     LCD.obj (.const:.string:dateBSegs)
                  0000d2a2    00000008     LCD.obj (.const:.string:dayASegs)
                  0000d2aa    00000008     LCD.obj (.const:.string:dayBSegs)
                  0000d2b2    00000008     LCD.obj (.const:.string:segArr)
                  0000d2ba    00000008     LCD.obj (.const:.string:segOrderB)
                  0000d2c2    00000007     LCD.obj (.const:.string:hoursASegs)
                  0000d2c9    00000001     --HOLE-- [fill = 0]
                  0000d2ca    00000007     LCD.obj (.const:.string:hoursBSegs)
                  0000d2d1    00000001     --HOLE-- [fill = 0]
                  0000d2d2    00000007     LCD.obj (.const:.string:minsASegs)
                  0000d2d9    00000001     --HOLE-- [fill = 0]
                  0000d2da    00000007     LCD.obj (.const:.string:minsBSegs)
                  0000d2e1    00000001     --HOLE-- [fill = 0]
                  0000d2e2    00000007     LCD.obj (.const:.string:secsASegs)
                  0000d2e9    00000001     --HOLE-- [fill = 0]
                  0000d2ea    00000007     LCD.obj (.const:.string:secsBSegs)
                  0000d2f1    00000001     --HOLE-- [fill = 0]
                  0000d2f2    00000006     LCD.obj (.const:.string:$P$T0$1)
                  0000d2f8    00000006     auerbach_patterns.obj (.const:.string:timeOutDuration$1)
                  0000d2fe    00000006     auerbach_patterns.obj (.const:.string:timeOutDuration$2)
                  0000d304    00000006     auerbach_patterns.obj (.const:.string:timeOutDuration$3)

.cinit     0    0000d30a    000000b4     
                  0000d30a    000000a2     (.cinit..data.load) [load image, compression = rle]
                  0000d3ac    00000006     (__TI_handler_table)
                  0000d3b2    00000004     (.cinit..bss.load) [load image, compression = zero_init]
                  0000d3b6    00000008     (__TI_cinit_table)

BASICTIMER 
*          0    0000ffe0    00000002     
                  0000ffe0    00000002     main.obj (.int00)

PORT2      0    0000ffe2    00000002     
                  0000ffe2    00000002     rts430_eabi.lib : int01.obj (.int01)

PORT1      0    0000ffe8    00000002     
                  0000ffe8    00000002     rts430_eabi.lib : int04.obj (.int04)

TIMER0_A1 
*          0    0000ffea    00000002     
                  0000ffea    00000002     rts430_eabi.lib : int05.obj (.int05)

TIMER0_A0 
*          0    0000ffec    00000002     
                  0000ffec    00000002     main.obj (.int06)

ADC10      0    0000ffee    00000002     
                  0000ffee    00000002     rts430_eabi.lib : int07.obj (.int07)

USCIAB0TX 
*          0    0000fff0    00000002     
                  0000fff0    00000002     rts430_eabi.lib : int08.obj (.int08)

USCIAB0RX 
*          0    0000fff2    00000002     
                  0000fff2    00000002     rts430_eabi.lib : int09.obj (.int09)

WDT        0    0000fff4    00000002     
                  0000fff4    00000002     rts430_eabi.lib : int10.obj (.int10)

COMPARATORA 
*          0    0000fff6    00000002     
                  0000fff6    00000002     rts430_eabi.lib : int11.obj (.int11)

TIMER1_A1 
*          0    0000fff8    00000002     
                  0000fff8    00000002     rts430_eabi.lib : int12.obj (.int12)

TIMER1_A0 
*          0    0000fffa    00000002     
                  0000fffa    00000002     main.obj (.int13)

NMI        0    0000fffc    00000002     
                  0000fffc    00000002     rts430_eabi.lib : int14.obj (.int14)

.reset     0    0000fffe    00000002     
                  0000fffe    00000002     rts430_eabi.lib : boot.obj (.reset)


LINKER GENERATED COPY TABLES

__TI_cinit_table @ 0000d3b6 records: 2, size/record: 4, table size: 8
	.data: load addr=0000d30a, load size=000000a2 bytes, run addr=00000200, run size=000000a2 bytes, compression=rle
	.bss: load addr=0000d3b2, load size=00000004 bytes, run addr=000002a2, run size=00000003 bytes, compression=zero_init


LINKER GENERATED HANDLER TABLE

__TI_handler_table @ 0000d3ac records: 3, size/record: 2, table size: 6
	index: 0, handler: __TI_zero_init
	index: 1, handler: __TI_decompress_rle24
	index: 2, handler: __TI_decompress_none


GLOBAL SYMBOLS: SORTED ALPHABETICALLY BY Name 

address    name
--------   ----
0000004a   ADC10AE0
0000004b   ADC10AE1
000001b0   ADC10CTL0
000001b2   ADC10CTL1
00000048   ADC10DTC0
00000049   ADC10DTC1
000001b4   ADC10MEM
000001bc   ADC10SA
00000046   BTCNT1
00000046   BTCNT12
00000047   BTCNT2
00000040   BTCTL
0000d23e   C$$EXIT
00000059   CACTL1
0000005a   CACTL2
0000005b   CAPD
00000128   FCTL1
0000012a   FCTL2
0000012c   FCTL3
00000053   FLL_CTL0
00000054   FLL_CTL1
00000055   FLL_CTL2
00000000   IE1
00000001   IE2
00000002   IFG1
00000003   IFG2
00000090   LCDACTL
000000ac   LCDAPCTL0
000000ad   LCDAPCTL1
000000ae   LCDAVCTL0
000000af   LCDAVCTL1
00000091   LCDM1
0000009a   LCDM10
0000009b   LCDM11
0000009c   LCDM12
0000009d   LCDM13
0000009e   LCDM14
0000009f   LCDM15
000000a0   LCDM16
000000a1   LCDM17
000000a2   LCDM18
000000a3   LCDM19
00000092   LCDM2
000000a4   LCDM20
00000093   LCDM3
00000094   LCDM4
00000095   LCDM5
00000096   LCDM6
00000097   LCDM7
00000098   LCDM8
00000099   LCDM9
00000022   P1DIR
00000025   P1IE
00000024   P1IES
00000023   P1IFG
00000020   P1IN
00000021   P1OUT
00000026   P1SEL
0000002a   P2DIR
0000002d   P2IE
0000002c   P2IES
0000002b   P2IFG
00000028   P2IN
00000029   P2OUT
0000002e   P2SEL
0000001a   P3DIR
00000018   P3IN
00000019   P3OUT
0000001b   P3SEL
0000001e   P4DIR
0000001c   P4IN
0000001d   P4OUT
0000001f   P4SEL
00000032   P5DIR
00000030   P5IN
00000031   P5OUT
00000033   P5SEL
00000036   P6DIR
00000034   P6IN
00000035   P6OUT
00000037   P6SEL
0000003a   P7DIR
00000038   P7IN
00000039   P7OUT
0000003b   P7SEL
00000041   RTCCTL
0000004c   RTCDATE
0000004c   RTCDAY
0000004d   RTCMON
00000042   RTCNT1
00000043   RTCNT2
00000044   RTCNT3
00000045   RTCNT4
00000042   RTCTIM0
00000044   RTCTIM1
00000040   RTCTL
0000004e   RTCYEAR
0000004f   RTCYEARH
0000004e   RTCYEARL
0000d184   RTC_decDate
0000d0b0   RTC_decHour
0000d0c6   RTC_decMin
0000d196   RTC_decMonth
0000d0dc   RTC_decYear
0000d134   RTC_incHour
0000d148   RTC_incMin
0000d222   RTC_resetSec
00000050   SCFI0
00000051   SCFI1
00000052   SCFQCTL
00000056   SVSCTL
00000172   TA0CCR0
00000174   TA0CCR1
00000176   TA0CCR2
00000162   TA0CCTL0
00000164   TA0CCTL1
00000166   TA0CCTL2
00000160   TA0CTL
0000012e   TA0IV
00000170   TA0R
00000192   TA1CCR0
00000194   TA1CCR1
00000196   TA1CCR2
00000198   TA1CCR3
0000019a   TA1CCR4
00000182   TA1CCTL0
00000184   TA1CCTL1
00000186   TA1CCTL2
00000188   TA1CCTL3
0000018a   TA1CCTL4
00000180   TA1CTL
0000011e   TA1IV
00000190   TA1R
0000cb4c   Timer_A
0000cff2   Timer_A1
0000005d   UCA0ABCTL
00000062   UCA0BR0
00000063   UCA0BR1
00000060   UCA0CTL0
00000061   UCA0CTL1
0000005f   UCA0IRRCTL
0000005e   UCA0IRTCTL
00000064   UCA0MCTL
00000066   UCA0RXBUF
00000065   UCA0STAT
00000067   UCA0TXBUF
0000006a   UCB0BR0
0000006b   UCB0BR1
00000068   UCB0CTL0
00000069   UCB0CTL1
0000006c   UCB0I2CIE
00000118   UCB0I2COA
0000011a   UCB0I2CSA
0000006e   UCB0RXBUF
0000006d   UCB0STAT
0000006f   UCB0TXBUF
0000cfa0   UI_InitShowSleep
0000c000   UI_dispatchEvent
0000c6bc   UI_dispatchMain
0000ccda   UI_showSetTime
00000120   WDTCTL
00000400   __STACK_END
00000050   __STACK_SIZE
0000d3b6   __TI_CINIT_Base
0000d3be   __TI_CINIT_Limit
0000d3ac   __TI_Handler_Table_Base
0000d3b2   __TI_Handler_Table_Limit
UNDEFED    __TI_INITARRAY_Base
UNDEFED    __TI_INITARRAY_Limit
0000d228   __TI_ISR_TRAP
00000001   __TI_args_main
0000d1a8   __TI_decompress_none
0000d22e   __TI_decompress_rle24
00000001   __TI_exit
0000ffe0   __TI_int00
0000ffe2   __TI_int01
0000ffe8   __TI_int04
0000ffea   __TI_int05
0000ffec   __TI_int06
0000ffee   __TI_int07
0000fff0   __TI_int08
0000fff2   __TI_int09
0000fff4   __TI_int10
0000fff6   __TI_int11
0000fff8   __TI_int12
0000fffa   __TI_int13
0000fffc   __TI_int14
0000d15c   __TI_zero_init
ffffffff   __binit__
ffffffff   __c_args__
0000cf48   __mspabi_divi
0000d108   __mspabi_divu
0000cc82   __mspabi_divul
0000d1fa   __mspabi_func_epilog_1
0000d1f8   __mspabi_func_epilog_2
0000d1f6   __mspabi_func_epilog_3
0000d1f4   __mspabi_func_epilog_4
0000d1f2   __mspabi_func_epilog_5
0000d1f0   __mspabi_func_epilog_6
0000d1ee   __mspabi_func_epilog_7
0000d170   __mspabi_mpyi
0000cf48   __mspabi_remi
0000d108   __mspabi_remu
0000cc82   __mspabi_remul
0000cf74   __mspabi_slli
0000cf9c   __mspabi_slli_1
0000cf8a   __mspabi_slli_10
0000cf88   __mspabi_slli_11
0000cf86   __mspabi_slli_12
0000cf84   __mspabi_slli_13
0000cf82   __mspabi_slli_14
0000cf80   __mspabi_slli_15
0000cf9a   __mspabi_slli_2
0000cf98   __mspabi_slli_3
0000cf96   __mspabi_slli_4
0000cf94   __mspabi_slli_5
0000cf92   __mspabi_slli_6
0000cf90   __mspabi_slli_7
0000cf8e   __mspabi_slli_8
0000cf8c   __mspabi_slli_9
0000cf1c   __mspabi_srai
0000cf44   __mspabi_srai_1
0000cf32   __mspabi_srai_10
0000cf30   __mspabi_srai_11
0000cf2e   __mspabi_srai_12
0000cf2c   __mspabi_srai_13
0000cf2a   __mspabi_srai_14
0000cf28   __mspabi_srai_15
0000cf42   __mspabi_srai_2
0000cf40   __mspabi_srai_3
0000cf3e   __mspabi_srai_4
0000cf3c   __mspabi_srai_5
0000cf3a   __mspabi_srai_6
0000cf38   __mspabi_srai_7
0000cf36   __mspabi_srai_8
0000cf34   __mspabi_srai_9
0000cd2c   __mspabi_srli
0000cd72   __mspabi_srli_1
0000cd4e   __mspabi_srli_10
0000cd4a   __mspabi_srli_11
0000cd46   __mspabi_srli_12
0000cd42   __mspabi_srli_13
0000cd3e   __mspabi_srli_14
0000cd3a   __mspabi_srli_15
0000cd6e   __mspabi_srli_2
0000cd6a   __mspabi_srli_3
0000cd66   __mspabi_srli_4
0000cd62   __mspabi_srli_5
0000cd5e   __mspabi_srli_6
0000cd5a   __mspabi_srli_7
0000cd56   __mspabi_srli_8
0000cd52   __mspabi_srli_9
0000cc24   _auto_init
0000d096   _c_int00
0000d096   _c_int00_noexit
0000fffe   _reset_vector
000003b0   _stack
0000d23a   _system_pre_init
0000d23e   abort
0000d242   basic_timer
0000cfca   bcd2int
ffffffff   binit
00000290   blinkCounter
00000292   blinkFlag
000002a2   btn_BLState
000002a3   btn_BRState
000002a4   btn_TLState
0000ce28   clearDate
0000d1de   clearDay
0000ce5a   clearHours
0000d0f2   clearLCD
0000ce8c   clearMins
0000cebe   clearSecs
0000029c   currentMode
0000029d   currentSubMode
00000210   dateAMemPtr
0000d292   dateASegs
0000021e   dateBMemPtr
0000d29a   dateBSegs
00000200   dayAMemPtr
0000d2a2   dayASegs
0000022c   dayBMemPtr
0000d2aa   dayBSegs
0000d244   digit
0000028e   frameCount
00000294   gOldRTCSecond
00000293   gRTCHundreths
0000023a   hoursAMemPtr
0000d2c2   hoursASegs
00000248   hoursBMemPtr
0000d2ca   hoursBSegs
0000029e   infoAnimMask
0000cef0   initRTC
0000cab0   main
0000d1ba   memcpy
00000256   minsAMemPtr
0000d2d2   minsASegs
00000264   minsBMemPtr
0000d2da   minsBSegs
00000296   oldBlinkFlag
00000272   secsAMemPtr
0000d2e2   secsASegs
00000280   secsBMemPtr
0000d2ea   secsBSegs
0000d2b2   segArr
0000d2ba   segOrderB
000002a0   segOrderPtr
0000c82a   setDaySegs
0000d03e   setH24Icon
0000c8d0   setHourSegs
0000cd78   setHours
0000cdb6   setMins
0000c970   setMinsSegs
0000cdf4   setSecs
0000d05c   setSecsColon
0000ca10   setSecsSegs
0000c77e   showNumber
0000029a   ta_ScrollPos
0000d1fe   ta_decSpeed
0000d1cc   ta_incSpeed
0000d20e   ta_initSetSpeed
0000d234   ta_initShow24HourTimeWithDelay
0000d218   ta_initShowInfo
0000d11e   ta_initShowPattern
0000c274   ta_setSpeed
0000d018   ta_show24HourTime
0000d07a   ta_show24HourTimeWithDelay
0000c5ec   ta_showInfo
0000c450   ta_showPattern
00000298   ta_speed
0000029b   ta_timer
0000028f   timeDirection


GLOBAL SYMBOLS: SORTED BY Symbol Address 

address    name
--------   ----
00000000   IE1
00000001   IE2
00000001   __TI_args_main
00000001   __TI_exit
00000002   IFG1
00000003   IFG2
00000018   P3IN
00000019   P3OUT
0000001a   P3DIR
0000001b   P3SEL
0000001c   P4IN
0000001d   P4OUT
0000001e   P4DIR
0000001f   P4SEL
00000020   P1IN
00000021   P1OUT
00000022   P1DIR
00000023   P1IFG
00000024   P1IES
00000025   P1IE
00000026   P1SEL
00000028   P2IN
00000029   P2OUT
0000002a   P2DIR
0000002b   P2IFG
0000002c   P2IES
0000002d   P2IE
0000002e   P2SEL
00000030   P5IN
00000031   P5OUT
00000032   P5DIR
00000033   P5SEL
00000034   P6IN
00000035   P6OUT
00000036   P6DIR
00000037   P6SEL
00000038   P7IN
00000039   P7OUT
0000003a   P7DIR
0000003b   P7SEL
00000040   BTCTL
00000040   RTCTL
00000041   RTCCTL
00000042   RTCNT1
00000042   RTCTIM0
00000043   RTCNT2
00000044   RTCNT3
00000044   RTCTIM1
00000045   RTCNT4
00000046   BTCNT1
00000046   BTCNT12
00000047   BTCNT2
00000048   ADC10DTC0
00000049   ADC10DTC1
0000004a   ADC10AE0
0000004b   ADC10AE1
0000004c   RTCDATE
0000004c   RTCDAY
0000004d   RTCMON
0000004e   RTCYEAR
0000004e   RTCYEARL
0000004f   RTCYEARH
00000050   SCFI0
00000050   __STACK_SIZE
00000051   SCFI1
00000052   SCFQCTL
00000053   FLL_CTL0
00000054   FLL_CTL1
00000055   FLL_CTL2
00000056   SVSCTL
00000059   CACTL1
0000005a   CACTL2
0000005b   CAPD
0000005d   UCA0ABCTL
0000005e   UCA0IRTCTL
0000005f   UCA0IRRCTL
00000060   UCA0CTL0
00000061   UCA0CTL1
00000062   UCA0BR0
00000063   UCA0BR1
00000064   UCA0MCTL
00000065   UCA0STAT
00000066   UCA0RXBUF
00000067   UCA0TXBUF
00000068   UCB0CTL0
00000069   UCB0CTL1
0000006a   UCB0BR0
0000006b   UCB0BR1
0000006c   UCB0I2CIE
0000006d   UCB0STAT
0000006e   UCB0RXBUF
0000006f   UCB0TXBUF
00000090   LCDACTL
00000091   LCDM1
00000092   LCDM2
00000093   LCDM3
00000094   LCDM4
00000095   LCDM5
00000096   LCDM6
00000097   LCDM7
00000098   LCDM8
00000099   LCDM9
0000009a   LCDM10
0000009b   LCDM11
0000009c   LCDM12
0000009d   LCDM13
0000009e   LCDM14
0000009f   LCDM15
000000a0   LCDM16
000000a1   LCDM17
000000a2   LCDM18
000000a3   LCDM19
000000a4   LCDM20
000000ac   LCDAPCTL0
000000ad   LCDAPCTL1
000000ae   LCDAVCTL0
000000af   LCDAVCTL1
00000118   UCB0I2COA
0000011a   UCB0I2CSA
0000011e   TA1IV
00000120   WDTCTL
00000128   FCTL1
0000012a   FCTL2
0000012c   FCTL3
0000012e   TA0IV
00000160   TA0CTL
00000162   TA0CCTL0
00000164   TA0CCTL1
00000166   TA0CCTL2
00000170   TA0R
00000172   TA0CCR0
00000174   TA0CCR1
00000176   TA0CCR2
00000180   TA1CTL
00000182   TA1CCTL0
00000184   TA1CCTL1
00000186   TA1CCTL2
00000188   TA1CCTL3
0000018a   TA1CCTL4
00000190   TA1R
00000192   TA1CCR0
00000194   TA1CCR1
00000196   TA1CCR2
00000198   TA1CCR3
0000019a   TA1CCR4
000001b0   ADC10CTL0
000001b2   ADC10CTL1
000001b4   ADC10MEM
000001bc   ADC10SA
00000200   dayAMemPtr
00000210   dateAMemPtr
0000021e   dateBMemPtr
0000022c   dayBMemPtr
0000023a   hoursAMemPtr
00000248   hoursBMemPtr
00000256   minsAMemPtr
00000264   minsBMemPtr
00000272   secsAMemPtr
00000280   secsBMemPtr
0000028e   frameCount
0000028f   timeDirection
00000290   blinkCounter
00000292   blinkFlag
00000293   gRTCHundreths
00000294   gOldRTCSecond
00000296   oldBlinkFlag
00000298   ta_speed
0000029a   ta_ScrollPos
0000029b   ta_timer
0000029c   currentMode
0000029d   currentSubMode
0000029e   infoAnimMask
000002a0   segOrderPtr
000002a2   btn_BLState
000002a3   btn_BRState
000002a4   btn_TLState
000003b0   _stack
00000400   __STACK_END
0000c000   UI_dispatchEvent
0000c274   ta_setSpeed
0000c450   ta_showPattern
0000c5ec   ta_showInfo
0000c6bc   UI_dispatchMain
0000c77e   showNumber
0000c82a   setDaySegs
0000c8d0   setHourSegs
0000c970   setMinsSegs
0000ca10   setSecsSegs
0000cab0   main
0000cb4c   Timer_A
0000cc24   _auto_init
0000cc82   __mspabi_divul
0000cc82   __mspabi_remul
0000ccda   UI_showSetTime
0000cd2c   __mspabi_srli
0000cd3a   __mspabi_srli_15
0000cd3e   __mspabi_srli_14
0000cd42   __mspabi_srli_13
0000cd46   __mspabi_srli_12
0000cd4a   __mspabi_srli_11
0000cd4e   __mspabi_srli_10
0000cd52   __mspabi_srli_9
0000cd56   __mspabi_srli_8
0000cd5a   __mspabi_srli_7
0000cd5e   __mspabi_srli_6
0000cd62   __mspabi_srli_5
0000cd66   __mspabi_srli_4
0000cd6a   __mspabi_srli_3
0000cd6e   __mspabi_srli_2
0000cd72   __mspabi_srli_1
0000cd78   setHours
0000cdb6   setMins
0000cdf4   setSecs
0000ce28   clearDate
0000ce5a   clearHours
0000ce8c   clearMins
0000cebe   clearSecs
0000cef0   initRTC
0000cf1c   __mspabi_srai
0000cf28   __mspabi_srai_15
0000cf2a   __mspabi_srai_14
0000cf2c   __mspabi_srai_13
0000cf2e   __mspabi_srai_12
0000cf30   __mspabi_srai_11
0000cf32   __mspabi_srai_10
0000cf34   __mspabi_srai_9
0000cf36   __mspabi_srai_8
0000cf38   __mspabi_srai_7
0000cf3a   __mspabi_srai_6
0000cf3c   __mspabi_srai_5
0000cf3e   __mspabi_srai_4
0000cf40   __mspabi_srai_3
0000cf42   __mspabi_srai_2
0000cf44   __mspabi_srai_1
0000cf48   __mspabi_divi
0000cf48   __mspabi_remi
0000cf74   __mspabi_slli
0000cf80   __mspabi_slli_15
0000cf82   __mspabi_slli_14
0000cf84   __mspabi_slli_13
0000cf86   __mspabi_slli_12
0000cf88   __mspabi_slli_11
0000cf8a   __mspabi_slli_10
0000cf8c   __mspabi_slli_9
0000cf8e   __mspabi_slli_8
0000cf90   __mspabi_slli_7
0000cf92   __mspabi_slli_6
0000cf94   __mspabi_slli_5
0000cf96   __mspabi_slli_4
0000cf98   __mspabi_slli_3
0000cf9a   __mspabi_slli_2
0000cf9c   __mspabi_slli_1
0000cfa0   UI_InitShowSleep
0000cfca   bcd2int
0000cff2   Timer_A1
0000d018   ta_show24HourTime
0000d03e   setH24Icon
0000d05c   setSecsColon
0000d07a   ta_show24HourTimeWithDelay
0000d096   _c_int00
0000d096   _c_int00_noexit
0000d0b0   RTC_decHour
0000d0c6   RTC_decMin
0000d0dc   RTC_decYear
0000d0f2   clearLCD
0000d108   __mspabi_divu
0000d108   __mspabi_remu
0000d11e   ta_initShowPattern
0000d134   RTC_incHour
0000d148   RTC_incMin
0000d15c   __TI_zero_init
0000d170   __mspabi_mpyi
0000d184   RTC_decDate
0000d196   RTC_decMonth
0000d1a8   __TI_decompress_none
0000d1ba   memcpy
0000d1cc   ta_incSpeed
0000d1de   clearDay
0000d1ee   __mspabi_func_epilog_7
0000d1f0   __mspabi_func_epilog_6
0000d1f2   __mspabi_func_epilog_5
0000d1f4   __mspabi_func_epilog_4
0000d1f6   __mspabi_func_epilog_3
0000d1f8   __mspabi_func_epilog_2
0000d1fa   __mspabi_func_epilog_1
0000d1fe   ta_decSpeed
0000d20e   ta_initSetSpeed
0000d218   ta_initShowInfo
0000d222   RTC_resetSec
0000d228   __TI_ISR_TRAP
0000d22e   __TI_decompress_rle24
0000d234   ta_initShow24HourTimeWithDelay
0000d23a   _system_pre_init
0000d23e   C$$EXIT
0000d23e   abort
0000d242   basic_timer
0000d244   digit
0000d292   dateASegs
0000d29a   dateBSegs
0000d2a2   dayASegs
0000d2aa   dayBSegs
0000d2b2   segArr
0000d2ba   segOrderB
0000d2c2   hoursASegs
0000d2ca   hoursBSegs
0000d2d2   minsASegs
0000d2da   minsBSegs
0000d2e2   secsASegs
0000d2ea   secsBSegs
0000d3ac   __TI_Handler_Table_Base
0000d3b2   __TI_Handler_Table_Limit
0000d3b6   __TI_CINIT_Base
0000d3be   __TI_CINIT_Limit
0000ffe0   __TI_int00
0000ffe2   __TI_int01
0000ffe8   __TI_int04
0000ffea   __TI_int05
0000ffec   __TI_int06
0000ffee   __TI_int07
0000fff0   __TI_int08
0000fff2   __TI_int09
0000fff4   __TI_int10
0000fff6   __TI_int11
0000fff8   __TI_int12
0000fffa   __TI_int13
0000fffc   __TI_int14
0000fffe   _reset_vector
ffffffff   __binit__
ffffffff   __c_args__
ffffffff   binit
UNDEFED    __TI_INITARRAY_Base
UNDEFED    __TI_INITARRAY_Limit

[332 symbols]
